10.0.0.40 0x94168x51 admin [08/Feb/2019:00:00:10 +0000] "POST /rest/issueNav/latest/preferredSearchLayout HTTP/1.1" 200 40 30 "http://jpt-78fee-loadbala-1tinio05oht69-319737628.eu-west-1.elb.amazonaws.com/issues/?jql=resolved%20is%20not%20empty%20order%20by%20description" "Mozilla/5.0 (X11; Linux x86_64) AppleWebKit/537.36 (KHTML, like Gecko) HeadlessChrome/69.0.3497.0 Safari/537.36" "ojj3go"
10.0.0.40 0x94177x52 admin [08/Feb/2019:00:00:10 +0000] "POST /rest/analytics/1.0/publish/bulk HTTP/1.1" 200 40 3 "http://jpt-78fee-loadbala-1tinio05oht69-319737628.eu-west-1.elb.amazonaws.com/browse/ASIA-382" "Mozilla/5.0 (X11; Linux x86_64) AppleWebKit/537.36 (KHTML, like Gecko) HeadlessChrome/69.0.3497.0 Safari/537.36" "i7lijd"
10.0.0.202 0x94148x52 admin [08/Feb/2019:00:00:10 +0000] "GET /plugins/servlet/streams?maxResults=5&relativeLinks=true&_=1549584010247 HTTP/1.1" 200 722 368 "http://jpt-78fee-loadbala-1tinio05oht69-319737628.eu-west-1.elb.amazonaws.com/plugins/servlet/gadgets/ifr?container=atlassian&mid=10003&country=US&lang=en&view=default&view-params=%7B%22writable%22%3A%22false%22%7D&st=atlassian%3AwN5s7ihUODAqSBXWosG84WRlJvw9Ulpvls8JVKEtU59ER82b9Uni6xTuJEoA24OmT9tqtfXAo73gnwdtSxQvemUAcJi6EUNQA3%2FFhQijwsOQuCvv6kIyOoS9m8s9OvCoFmXC1qznvcgNIu6LhlWnT2RYOhcyUpBvB0Q4U54EJ3Dlj%2B%2F7i93MaEpGYTvihxCb1qKHuOgiM16pNvLu8GMQfd1Qh5gJJ0CRPCKFvQAdiC9szLTxLFAENYJfpkrt0HracAipnTibM55b%2FPa0PoHwD3ZqDx9OuUp%2FCrx6JVpgsTwUAsqd7XA7RsyN94r1UF2dO19y2qgHMWMufAbswtPvd3eOjiO32kwDBYIQkvjPUw%2ByuYenLwt1L7mmjWDgwPtYqzhi0w%3D%3D&up_isConfigured=true&up_isReallyConfigured=false&up_title=Your+Company+Jira&up_titleRequired=true&up_numofentries=5&up_refresh=false&up_maxProviderLabelCharacters=50&up_rules=&up_renderingContext=&up_keys=__all_projects__&up_itemKeys=&up_username=&url=http%3A%2F%2Fjpt-78fee-loadbala-1tinio05oht69-319737628.eu-west-1.elb.amazonaws.com%2Frest%2Fgadgets%2F1.0%2Fg%2Fcom.atlassian.streams.streams-jira-plugin%3Aactivitystream-gadget%2Fgadgets%2Factivitystream-gadget.xml&libs=auth-refresh" "Mozilla/5.0 (X11; Linux x86_64) AppleWebKit/537.36 (KHTML, like Gecko) HeadlessChrome/69.0.3497.0 Safari/537.36" "fymvpd"
10.0.0.40 0x94173x53 admin [08/Feb/2019:00:00:10 +0000] "GET /rest/troubleshooting/1.0/check/admin?_=1549584010563 HTTP/1.1" 200 57 66 "http://jpt-78fee-loadbala-1tinio05oht69-319737628.eu-west-1.elb.amazonaws.com/issues/?jql=resolved%20is%20not%20empty%20order%20by%20description" "Mozilla/5.0 (X11; Linux x86_64) AppleWebKit/537.36 (KHTML, like Gecko) HeadlessChrome/69.0.3497.0 Safari/537.36" "ojj3go"
10.0.0.40 0x93894x67 admin [08/Feb/2019:00:00:10 +0000] "GET /browse/AOBA-494 HTTP/1.1" 200 23430 3755 "-" "Mozilla/5.0 (X11; Linux x86_64) AppleWebKit/537.36 (KHTML, like Gecko) HeadlessChrome/69.0.3497.0 Safari/537.36" "1hahknv"
10.0.0.40 0x94164x49 admin [08/Feb/2019:00:00:10 +0000] "POST /rest/webResources/1.0/resources HTTP/1.1" 200 86 238 "http://jpt-78fee-loadbala-1tinio05oht69-319737628.eu-west-1.elb.amazonaws.com/secure/BrowseProjects.jspa?selectedCategory=all&selectedProjectType=all&page=6" "Mozilla/5.0 (X11; Linux x86_64) AppleWebKit/537.36 (KHTML, like Gecko) HeadlessChrome/69.0.3497.0 Safari/537.36" "1sjnw6m"
10.0.0.40 0x94181x51 admin [08/Feb/2019:00:00:10 +0000] "POST /rest/analytics/1.0/publish/bulk HTTP/1.1" 200 40 1 "http://jpt-78fee-loadbala-1tinio05oht69-319737628.eu-west-1.elb.amazonaws.com/browse/SP-676" "Mozilla/5.0 (X11; Linux x86_64) AppleWebKit/537.36 (KHTML, like Gecko) HeadlessChrome/69.0.3497.0 Safari/537.36" "1n5wm3c"
10.0.0.202 0x94182x51 admin [08/Feb/2019:00:00:10 +0000] "POST /rest/analytics/1.0/publish/bulk HTTP/1.1" 200 40 2 "http://jpt-78fee-loadbala-1tinio05oht69-319737628.eu-west-1.elb.amazonaws.com/browse/AAMI-346" "Mozilla/5.0 (X11; Linux x86_64) AppleWebKit/537.36 (KHTML, like Gecko) HeadlessChrome/69.0.3497.0 Safari/537.36" "r9iozf"
10.0.0.40 0x93814x71 admin [08/Feb/2019:00:00:10 +0000] "GET /secure/AjaxIssueEditAction!default.jspa?decorator=none&issueId=470512&_=1549584005769 HTTP/1.1" 200 136406 4756 "http://jpt-78fee-loadbala-1tinio05oht69-319737628.eu-west-1.elb.amazonaws.com/browse/AOBA-207" "Mozilla/5.0 (X11; Linux x86_64) AppleWebKit/537.36 (KHTML, like Gecko) HeadlessChrome/69.0.3497.0 Safari/537.36" "77geov"
10.0.0.40 0x94184x51 admin [08/Feb/2019:00:00:10 +0000] "POST /rest/analytics/1.0/publish/bulk HTTP/1.1" 200 40 2 "http://jpt-78fee-loadbala-1tinio05oht69-319737628.eu-west-1.elb.amazonaws.com/issues/?jql=resolved%20is%20not%20empty%20order%20by%20description" "Mozilla/5.0 (X11; Linux x86_64) AppleWebKit/537.36 (KHTML, like Gecko) HeadlessChrome/69.0.3497.0 Safari/537.36" "l9t1oh"
10.0.0.202 0x94169x51 admin [08/Feb/2019:00:00:10 +0000] "POST /rest/webResources/1.0/resources HTTP/1.1" 200 86 117 "http://jpt-78fee-loadbala-1tinio05oht69-319737628.eu-west-1.elb.amazonaws.com/secure/EditIssue!default.jspa?id=967167" "Mozilla/5.0 (X11; Linux x86_64) AppleWebKit/537.36 (KHTML, like Gecko) HeadlessChrome/69.0.3497.0 Safari/537.36" "13zcgnv"
10.0.0.40 0x94179x52 admin [08/Feb/2019:00:00:10 +0000] "POST /rest/webResources/1.0/resources HTTP/1.1" 200 408 47 "http://jpt-78fee-loadbala-1tinio05oht69-319737628.eu-west-1.elb.amazonaws.com/issues/?jql=resolved%20is%20not%20empty%20order%20by%20description" "Mozilla/5.0 (X11; Linux x86_64) AppleWebKit/537.36 (KHTML, like Gecko) HeadlessChrome/69.0.3497.0 Safari/537.36" "ojj3go"
10.0.0.40 0x94176x54 admin [08/Feb/2019:00:00:10 +0000] "POST /rest/webResources/1.0/resources HTTP/1.1" 200 536 119 "http://jpt-78fee-loadbala-1tinio05oht69-319737628.eu-west-1.elb.amazonaws.com/browse/SP-658" "Mozilla/5.0 (X11; Linux x86_64) AppleWebKit/537.36 (KHTML, like Gecko) HeadlessChrome/69.0.3497.0 Safari/537.36" "da0fjo"
10.0.0.40 0x94185x48 admin [08/Feb/2019:00:00:10 +0000] "POST /rest/webResources/1.0/resources HTTP/1.1" 200 545 8 "http://jpt-78fee-loadbala-1tinio05oht69-319737628.eu-west-1.elb.amazonaws.com/browse/AOBA-494" "Mozilla/5.0 (X11; Linux x86_64) AppleWebKit/537.36 (KHTML, like Gecko) HeadlessChrome/69.0.3497.0 Safari/537.36" "1hahknv"
10.0.0.202 0x94187x49 admin [08/Feb/2019:00:00:10 +0000] "POST /rest/analytics/1.0/publish/bulk HTTP/1.1" 200 40 1 "http://jpt-78fee-loadbala-1tinio05oht69-319737628.eu-west-1.elb.amazonaws.com/plugins/servlet/gadgets/ifr?container=atlassian&mid=10003&country=US&lang=en&view=default&view-params=%7B%22writable%22%3A%22false%22%7D&st=atlassian%3A73YVlZxl6i6mEmmrgFxzFkKRmLu3aTwoTEj2tcS%2BwBH980XcZqdLJugeg1cRfI9ib8zucuYgWEiZcUCIqFRMtr946KasJPU3Lu8sHoKCifYAAySbN7cWfvGKQJKbvPFYLDap63SWT4WZJ%2F7gBdorrD0hD%2BjF5Grw8qfxsTGkCU5c7XZDrRtVRu9k1zPbc9zHnmOyqpu%2BosvZjAOU8HqaCehDaZg91Icuy%2BsqHPPwbMDMGmgi4rRNJ3PEnMqoWFlauHOPEp2N%2BT2evGOd0nu68UZpoIp8pKXyJ39x96%2BcRxsBPb42jtVueC2k3Zk2%2FWQ3%2BWrngwvdYLlJFOlJSd4LYf%2Fr5uR2gVK0mKLKPpLRW%2FGBJ1%2BlsQcaN1Smq%2FVthmK33pf1uw%3D%3D&up_isConfigured=true&up_isReallyConfigured=false&up_title=Your+Company+Jira&up_titleRequired=true&up_numofentries=5&up_refresh=false&up_maxProviderLabelCharacters=50&up_rules=&up_renderingContext=&up_keys=__all_projects__&up_itemKeys=&up_username=&url=http%3A%2F%2Fjpt-78fee-loadbala-1tinio05oht69-319737628.eu-west-1.elb.amazonaws.com%2Frest%2Fgadgets%2F1.0%2Fg%2Fcom.atlassian.streams.streams-jira-plugin%3Aactivitystream-gadget%2Fgadgets%2Factivitystream-gadget.xml&libs=auth-refresh" "Mozilla/5.0 (X11; Linux x86_64) AppleWebKit/537.36 (KHTML, like Gecko) HeadlessChrome/69.0.3497.0 Safari/537.36" "zr19ma"
10.0.0.40 0x94188x49 admin [08/Feb/2019:00:00:10 +0000] "GET /rest/hipchat/integrations/1.0/configuration/status?_=1549584010727 HTTP/1.1" 200 141 1 "http://jpt-78fee-loadbala-1tinio05oht69-319737628.eu-west-1.elb.amazonaws.com/browse/AOBA-494" "Mozilla/5.0 (X11; Linux x86_64) AppleWebKit/537.36 (KHTML, like Gecko) HeadlessChrome/69.0.3497.0 Safari/537.36" "1hahknv"
10.0.0.40 0x94186x48 admin [08/Feb/2019:00:00:10 +0000] "GET /rest/hipchat/integrations/1.0/issuepanel/data/AOBA-494?_=1549584010725 HTTP/1.1" 200 182 9 "http://jpt-78fee-loadbala-1tinio05oht69-319737628.eu-west-1.elb.amazonaws.com/browse/AOBA-494" "Mozilla/5.0 (X11; Linux x86_64) AppleWebKit/537.36 (KHTML, like Gecko) HeadlessChrome/69.0.3497.0 Safari/537.36" "1hahknv"
10.0.0.40 0x94189x48 admin [08/Feb/2019:00:00:10 +0000] "GET /rest/troubleshooting/1.0/check/admin?_=1549584010736 HTTP/1.1" 200 57 2 "http://jpt-78fee-loadbala-1tinio05oht69-319737628.eu-west-1.elb.amazonaws.com/browse/AOBA-494" "Mozilla/5.0 (X11; Linux x86_64) AppleWebKit/537.36 (KHTML, like Gecko) HeadlessChrome/69.0.3497.0 Safari/537.36" "1hahknv"
10.0.0.40 0x94190x48 admin [08/Feb/2019:00:00:10 +0000] "POST /rest/webResources/1.0/resources HTTP/1.1" 200 408 8 "http://jpt-78fee-loadbala-1tinio05oht69-319737628.eu-west-1.elb.amazonaws.com/secure/BrowseProjects.jspa?selectedCategory=all&selectedProjectType=all&page=6" "Mozilla/5.0 (X11; Linux x86_64) AppleWebKit/537.36 (KHTML, like Gecko) HeadlessChrome/69.0.3497.0 Safari/537.36" "1sjnw6m"
10.0.0.40 0x94149x53 admin [08/Feb/2019:00:00:10 +0000] "PUT /rest/projects/1.0/project/SP/lastVisited HTTP/1.1" 200 40 554 "http://jpt-78fee-loadbala-1tinio05oht69-319737628.eu-west-1.elb.amazonaws.com/browse/SP-676" "Mozilla/5.0 (X11; Linux x86_64) AppleWebKit/537.36 (KHTML, like Gecko) HeadlessChrome/69.0.3497.0 Safari/537.36" "1n5wm3c"
10.0.0.202 0x94141x52 admin [08/Feb/2019:00:00:10 +0000] "PUT /rest/projects/1.0/project/AAMI/lastVisited HTTP/1.1" 200 40 640 "http://jpt-78fee-loadbala-1tinio05oht69-319737628.eu-west-1.elb.amazonaws.com/browse/AAMI-346" "Mozilla/5.0 (X11; Linux x86_64) AppleWebKit/537.36 (KHTML, like Gecko) HeadlessChrome/69.0.3497.0 Safari/537.36" "r9iozf"
10.0.0.40 0x94192x49 admin [08/Feb/2019:00:00:10 +0000] "POST /rest/webResources/1.0/resources HTTP/1.1" 200 86 36 "http://jpt-78fee-loadbala-1tinio05oht69-319737628.eu-west-1.elb.amazonaws.com/issues/?jql=assignee+%3D+admin+order+by+project" "Mozilla/5.0 (X11; Linux x86_64) AppleWebKit/537.36 (KHTML, like Gecko) HeadlessChrome/69.0.3497.0 Safari/537.36" "i7lijd"
10.0.0.202 0x94193x49 admin [08/Feb/2019:00:00:10 +0000] "POST /rest/webResources/1.0/resources HTTP/1.1" 200 536 50 "http://jpt-78fee-loadbala-1tinio05oht69-319737628.eu-west-1.elb.amazonaws.com/browse/AAMI-348" "Mozilla/5.0 (X11; Linux x86_64) AppleWebKit/537.36 (KHTML, like Gecko) HeadlessChrome/69.0.3497.0 Safari/537.36" "fymvpd"
10.0.0.40 0x94194x50 admin [08/Feb/2019:00:00:10 +0000] "POST /rest/webResources/1.0/resources HTTP/1.1" 200 408 58 "http://jpt-78fee-loadbala-1tinio05oht69-319737628.eu-west-1.elb.amazonaws.com/browse/AOBA-494" "Mozilla/5.0 (X11; Linux x86_64) AppleWebKit/537.36 (KHTML, like Gecko) HeadlessChrome/69.0.3497.0 Safari/537.36" "1hahknv"
10.0.0.202 0x94198x50 admin [08/Feb/2019:00:00:10 +0000] "POST /rest/webResources/1.0/resources HTTP/1.1" 200 86 17 "http://jpt-78fee-loadbala-1tinio05oht69-319737628.eu-west-1.elb.amazonaws.com/issues/?jql=reporter+was+admin+order+by+description" "Mozilla/5.0 (X11; Linux x86_64) AppleWebKit/537.36 (KHTML, like Gecko) HeadlessChrome/69.0.3497.0 Safari/537.36" "zr19ma"
10.0.0.40 0x94200x51 admin [08/Feb/2019:00:00:10 +0000] "POST /rest/analytics/1.0/publish/bulk HTTP/1.1" 200 40 2 "http://jpt-78fee-loadbala-1tinio05oht69-319737628.eu-west-1.elb.amazonaws.com/secure/BrowseProjects.jspa?selectedCategory=all&selectedProjectType=all&page=6" "Mozilla/5.0 (X11; Linux x86_64) AppleWebKit/537.36 (KHTML, like Gecko) HeadlessChrome/69.0.3497.0 Safari/537.36" "1sjnw6m"
10.0.0.202 0x94197x50 admin [08/Feb/2019:00:00:10 +0000] "POST /rest/webResources/1.0/resources HTTP/1.1" 200 86 27 "http://jpt-78fee-loadbala-1tinio05oht69-319737628.eu-west-1.elb.amazonaws.com/browse/AAMI-348" "Mozilla/5.0 (X11; Linux x86_64) AppleWebKit/537.36 (KHTML, like Gecko) HeadlessChrome/69.0.3497.0 Safari/537.36" "fymvpd"
10.0.0.40 0x94199x51 admin [08/Feb/2019:00:00:10 +0000] "POST /rest/webResources/1.0/resources HTTP/1.1" 200 703 9 "http://jpt-78fee-loadbala-1tinio05oht69-319737628.eu-west-1.elb.amazonaws.com/issues/?jql=assignee+%3D+admin+order+by+project" "Mozilla/5.0 (X11; Linux x86_64) AppleWebKit/537.36 (KHTML, like Gecko) HeadlessChrome/69.0.3497.0 Safari/537.36" "i7lijd"
10.0.0.40 0x93688x72 admin [08/Feb/2019:00:00:10 +0000] "GET /secure/AjaxIssueEditAction!default.jspa?decorator=none&issueId=550974&_=1549584004255 HTTP/1.1" 200 136497 6670 "http://jpt-78fee-loadbala-1tinio05oht69-319737628.eu-west-1.elb.amazonaws.com/browse/AUSA-83" "Mozilla/5.0 (X11; Linux x86_64) AppleWebKit/537.36 (KHTML, like Gecko) HeadlessChrome/69.0.3497.0 Safari/537.36" "h4omod"
10.0.0.40 0x94201x49 admin [08/Feb/2019:00:00:10 +0000] "POST /rest/webResources/1.0/resources HTTP/1.1" 200 537 61 "http://jpt-78fee-loadbala-1tinio05oht69-319737628.eu-west-1.elb.amazonaws.com/browse/AUSA-615" "Mozilla/5.0 (X11; Linux x86_64) AppleWebKit/537.36 (KHTML, like Gecko) HeadlessChrome/69.0.3497.0 Safari/537.36" "736ufr"
10.0.0.202 0x94202x49 admin [08/Feb/2019:00:00:10 +0000] "POST /rest/webResources/1.0/resources HTTP/1.1" 200 703 33 "http://jpt-78fee-loadbala-1tinio05oht69-319737628.eu-west-1.elb.amazonaws.com/issues/?jql=reporter+was+admin+order+by+description" "Mozilla/5.0 (X11; Linux x86_64) AppleWebKit/537.36 (KHTML, like Gecko) HeadlessChrome/69.0.3497.0 Safari/537.36" "zr19ma"
10.0.0.40 0x93712x72 admin [08/Feb/2019:00:00:10 +0000] "GET /secure/AjaxIssueEditAction!default.jspa?decorator=none&issueId=460390&_=1549584004600 HTTP/1.1" 200 137550 6401 "http://jpt-78fee-loadbala-1tinio05oht69-319737628.eu-west-1.elb.amazonaws.com/browse/SBRI-75?jql=reporter%20was%20admin%20order%20by%20description" "Mozilla/5.0 (X11; Linux x86_64) AppleWebKit/537.36 (KHTML, like Gecko) HeadlessChrome/69.0.3497.0 Safari/537.36" "1n5wm3c"
10.0.0.202 0x94205x49 admin [08/Feb/2019:00:00:11 +0000] "POST /rest/webResources/1.0/resources HTTP/1.1" 200 537 10 "http://jpt-78fee-loadbala-1tinio05oht69-319737628.eu-west-1.elb.amazonaws.com/browse/AUSA-83" "Mozilla/5.0 (X11; Linux x86_64) AppleWebKit/537.36 (KHTML, like Gecko) HeadlessChrome/69.0.3497.0 Safari/537.36" "btb543"
10.0.0.202 0x94203x50 admin [08/Feb/2019:00:00:11 +0000] "POST /rest/webResources/1.0/resources HTTP/1.1" 200 487 62 "http://jpt-78fee-loadbala-1tinio05oht69-319737628.eu-west-1.elb.amazonaws.com/secure/EditIssue!default.jspa?id=967167" "Mozilla/5.0 (X11; Linux x86_64) AppleWebKit/537.36 (KHTML, like Gecko) HeadlessChrome/69.0.3497.0 Safari/537.36" "13zcgnv"
10.0.0.40 0x93655x82 admin [08/Feb/2019:00:00:11 +0000] "GET /issues/?jql=resolved+is+not+empty+order+by+description HTTP/1.1" 200 70966 7602 "-" "Mozilla/5.0 (X11; Linux x86_64) AppleWebKit/537.36 (KHTML, like Gecko) HeadlessChrome/69.0.3497.0 Safari/537.36" "hhd10y"
10.0.0.40 0x93850x71 admin [08/Feb/2019:00:00:11 +0000] "GET /secure/AjaxIssueEditAction!default.jspa?decorator=none&issueId=550974&_=1549584006166 HTTP/1.1" 200 136507 4881 "http://jpt-78fee-loadbala-1tinio05oht69-319737628.eu-west-1.elb.amazonaws.com/browse/AUSA-83" "Mozilla/5.0 (X11; Linux x86_64) AppleWebKit/537.36 (KHTML, like Gecko) HeadlessChrome/69.0.3497.0 Safari/537.36" "1u3y7d3"
10.0.0.40 0x94163x49 admin [08/Feb/2019:00:00:11 +0000] "PUT /rest/projects/1.0/project/ASIA/lastVisited HTTP/1.1" 200 40 659 "http://jpt-78fee-loadbala-1tinio05oht69-319737628.eu-west-1.elb.amazonaws.com/browse/ASIA-382" "Mozilla/5.0 (X11; Linux x86_64) AppleWebKit/537.36 (KHTML, like Gecko) HeadlessChrome/69.0.3497.0 Safari/537.36" "i7lijd"
10.0.0.40 0x94204x49 admin [08/Feb/2019:00:00:11 +0000] "POST /rest/webResources/1.0/resources HTTP/1.1" 200 537 75 "http://jpt-78fee-loadbala-1tinio05oht69-319737628.eu-west-1.elb.amazonaws.com/browse/SP-658" "Mozilla/5.0 (X11; Linux x86_64) AppleWebKit/537.36 (KHTML, like Gecko) HeadlessChrome/69.0.3497.0 Safari/537.36" "da0fjo"
10.0.0.40 0x94207x44 admin [08/Feb/2019:00:00:11 +0000] "POST /rest/analytics/1.0/publish/bulk HTTP/1.1" 200 40 1 "http://jpt-78fee-loadbala-1tinio05oht69-319737628.eu-west-1.elb.amazonaws.com/issues/?jql=resolved%20is%20not%20empty%20order%20by%20description" "Mozilla/5.0 (X11; Linux x86_64) AppleWebKit/537.36 (KHTML, like Gecko) HeadlessChrome/69.0.3497.0 Safari/537.36" "ojj3go"
10.0.0.40 0x93720x71 admin [08/Feb/2019:00:00:11 +0000] "GET /secure/AjaxIssueEditAction!default.jspa?decorator=none&issueId=460390&_=1549584004743 HTTP/1.1" 200 137540 6326 "http://jpt-78fee-loadbala-1tinio05oht69-319737628.eu-west-1.elb.amazonaws.com/browse/SBRI-75?jql=reporter%20was%20admin%20order%20by%20description" "Mozilla/5.0 (X11; Linux x86_64) AppleWebKit/537.36 (KHTML, like Gecko) HeadlessChrome/69.0.3497.0 Safari/537.36" "1hahknv"
10.0.0.202 0x94209x45 admin [08/Feb/2019:00:00:11 +0000] "GET /rest/api/2/filter/favourite?expand=subscriptions[-5:]&_=1549584011108 HTTP/1.1" 200 44 2 "http://jpt-78fee-loadbala-1tinio05oht69-319737628.eu-west-1.elb.amazonaws.com/issues/?jql=resolved+is+not+empty+order+by+description" "Mozilla/5.0 (X11; Linux x86_64) AppleWebKit/537.36 (KHTML, like Gecko) HeadlessChrome/69.0.3497.0 Safari/537.36" "hhd10y"
10.0.0.202 0x94211x46 admin [08/Feb/2019:00:00:11 +0000] "POST /rest/analytics/1.0/publish/bulk HTTP/1.1" 200 40 2 "http://jpt-78fee-loadbala-1tinio05oht69-319737628.eu-west-1.elb.amazonaws.com/browse/SBRI-75?jql=reporter%20was%20admin%20order%20by%20description" "Mozilla/5.0 (X11; Linux x86_64) AppleWebKit/537.36 (KHTML, like Gecko) HeadlessChrome/69.0.3497.0 Safari/537.36" "1alf8hx"
10.0.0.202 0x94180x51 admin [08/Feb/2019:00:00:11 +0000] "GET /secure/BrowseProjects.jspa?selectedCategory=all&selectedProjectType=all&page=6 HTTP/1.1" 200 35060 498 "-" "Mozilla/5.0 (X11; Linux x86_64) AppleWebKit/537.36 (KHTML, like Gecko) HeadlessChrome/69.0.3497.0 Safari/537.36" "r9iozf"
10.0.0.40 0x94014x60 admin [08/Feb/2019:00:00:11 +0000] "POST /rest/issueNav/1/issueTable/stable HTTP/1.1" 200 3747 2266 "http://jpt-78fee-loadbala-1tinio05oht69-319737628.eu-west-1.elb.amazonaws.com/issues/?jql=resolved%20is%20not%20empty%20order%20by%20description" "Mozilla/5.0 (X11; Linux x86_64) AppleWebKit/537.36 (KHTML, like Gecko) HeadlessChrome/69.0.3497.0 Safari/537.36" "16hxhue"
10.0.0.202 0x94206x47 admin [08/Feb/2019:00:00:11 +0000] "POST /rest/quickedit/1.0/userpreferences/create HTTP/1.1" 200 40 156 "http://jpt-78fee-loadbala-1tinio05oht69-319737628.eu-west-1.elb.amazonaws.com/secure/Dashboard.jspa" "Mozilla/5.0 (X11; Linux x86_64) AppleWebKit/537.36 (KHTML, like Gecko) HeadlessChrome/69.0.3497.0 Safari/537.36" "h9z55i"
10.0.0.202 0x94212x43 admin [08/Feb/2019:00:00:11 +0000] "POST /rest/issueNav/latest/preferredSearchLayout HTTP/1.1" 200 40 11 "http://jpt-78fee-loadbala-1tinio05oht69-319737628.eu-west-1.elb.amazonaws.com/issues/?jql=resolved%20is%20not%20empty%20order%20by%20description" "Mozilla/5.0 (X11; Linux x86_64) AppleWebKit/537.36 (KHTML, like Gecko) HeadlessChrome/69.0.3497.0 Safari/537.36" "hhd10y"
10.0.0.40 0x94213x43 admin [08/Feb/2019:00:00:11 +0000] "POST /rest/orderbycomponent/latest/orderByOptions/primary HTTP/1.1" 200 140 1 "http://jpt-78fee-loadbala-1tinio05oht69-319737628.eu-west-1.elb.amazonaws.com/issues/?jql=resolved%20is%20not%20empty%20order%20by%20description" "Mozilla/5.0 (X11; Linux x86_64) AppleWebKit/537.36 (KHTML, like Gecko) HeadlessChrome/69.0.3497.0 Safari/537.36" "16hxhue"
10.0.0.40 0x94208x44 admin [08/Feb/2019:00:00:11 +0000] "POST /rest/webResources/1.0/resources HTTP/1.1" 200 515 138 "http://jpt-78fee-loadbala-1tinio05oht69-319737628.eu-west-1.elb.amazonaws.com/issues/?jql=resolved+is+not+empty+order+by+description" "Mozilla/5.0 (X11; Linux x86_64) AppleWebKit/537.36 (KHTML, like Gecko) HeadlessChrome/69.0.3497.0 Safari/537.36" "hhd10y"
10.0.0.40 0x94214x42 admin [08/Feb/2019:00:00:11 +0000] "POST /rest/analytics/1.0/publish/bulk HTTP/1.1" 200 40 3 "http://jpt-78fee-loadbala-1tinio05oht69-319737628.eu-west-1.elb.amazonaws.com/browse/AOBA-494" "Mozilla/5.0 (X11; Linux x86_64) AppleWebKit/537.36 (KHTML, like Gecko) HeadlessChrome/69.0.3497.0 Safari/537.36" "1hahknv"
10.0.0.202 0x94216x43 admin [08/Feb/2019:00:00:11 +0000] "POST /rest/webResources/1.0/resources HTTP/1.1" 200 537 9 "http://jpt-78fee-loadbala-1tinio05oht69-319737628.eu-west-1.elb.amazonaws.com/browse/AELI-31" "Mozilla/5.0 (X11; Linux x86_64) AppleWebKit/537.36 (KHTML, like Gecko) HeadlessChrome/69.0.3497.0 Safari/537.36" "tnh905"
10.0.0.202 0x94217x43 admin [08/Feb/2019:00:00:11 +0000] "POST /rest/webResources/1.0/resources HTTP/1.1" 200 487 14 "http://jpt-78fee-loadbala-1tinio05oht69-319737628.eu-west-1.elb.amazonaws.com/secure/BrowseProjects.jspa?selectedCategory=all&selectedProjectType=all&page=6" "Mozilla/5.0 (X11; Linux x86_64) AppleWebKit/537.36 (KHTML, like Gecko) HeadlessChrome/69.0.3497.0 Safari/537.36" "r9iozf"
10.0.0.40 0x94191x48 admin [08/Feb/2019:00:00:11 +0000] "PUT /rest/projects/1.0/project/AOBA/lastVisited HTTP/1.1" 200 40 495 "http://jpt-78fee-loadbala-1tinio05oht69-319737628.eu-west-1.elb.amazonaws.com/browse/AOBA-494" "Mozilla/5.0 (X11; Linux x86_64) AppleWebKit/537.36 (KHTML, like Gecko) HeadlessChrome/69.0.3497.0 Safari/537.36" "1hahknv"
10.0.0.202 0x94219x43 admin [08/Feb/2019:00:00:11 +0000] "GET /rest/hipchat/integrations/1.0/configuration/status?_=1549584011261 HTTP/1.1" 200 141 2 "http://jpt-78fee-loadbala-1tinio05oht69-319737628.eu-west-1.elb.amazonaws.com/issues/?jql=resolved%20is%20not%20empty%20order%20by%20description" "Mozilla/5.0 (X11; Linux x86_64) AppleWebKit/537.36 (KHTML, like Gecko) HeadlessChrome/69.0.3497.0 Safari/537.36" "hhd10y"
10.0.0.40 0x94220x43 admin [08/Feb/2019:00:00:11 +0000] "GET /rest/troubleshooting/1.0/check/admin?_=1549584011262 HTTP/1.1" 200 57 4 "http://jpt-78fee-loadbala-1tinio05oht69-319737628.eu-west-1.elb.amazonaws.com/issues/?jql=resolved%20is%20not%20empty%20order%20by%20description" "Mozilla/5.0 (X11; Linux x86_64) AppleWebKit/537.36 (KHTML, like Gecko) HeadlessChrome/69.0.3497.0 Safari/537.36" "hhd10y"
10.0.0.40 0x94221x44 admin [08/Feb/2019:00:00:11 +0000] "GET /rest/bamboo/latest/deploy/SP/SP-658?_=1549584011270 HTTP/1.1" 200 44 1 "http://jpt-78fee-loadbala-1tinio05oht69-319737628.eu-west-1.elb.amazonaws.com/browse/SP-658" "Mozilla/5.0 (X11; Linux x86_64) AppleWebKit/537.36 (KHTML, like Gecko) HeadlessChrome/69.0.3497.0 Safari/537.36" "da0fjo"
10.0.0.40 0x94106x48 admin [08/Feb/2019:00:00:11 +0000] "GET /browse/SP-658 HTTP/1.1" 200 21950 1255 "http://jpt-78fee-loadbala-1tinio05oht69-319737628.eu-west-1.elb.amazonaws.com/secure/EditIssue!default.jspa?id=849894" "Mozilla/5.0 (X11; Linux x86_64) AppleWebKit/537.36 (KHTML, like Gecko) HeadlessChrome/69.0.3497.0 Safari/537.36" "da0fjo"
10.0.0.40 0x94224x44 admin [08/Feb/2019:00:00:11 +0000] "POST /rest/webResources/1.0/resources HTTP/1.1" 200 408 8 "http://jpt-78fee-loadbala-1tinio05oht69-319737628.eu-west-1.elb.amazonaws.com/issues/?jql=resolved%20is%20not%20empty%20order%20by%20description" "Mozilla/5.0 (X11; Linux x86_64) AppleWebKit/537.36 (KHTML, like Gecko) HeadlessChrome/69.0.3497.0 Safari/537.36" "hhd10y"
10.0.0.202 0x94225x44 admin [08/Feb/2019:00:00:11 +0000] "POST /rest/webResources/1.0/resources HTTP/1.1" 200 86 7 "http://jpt-78fee-loadbala-1tinio05oht69-319737628.eu-west-1.elb.amazonaws.com/secure/BrowseProjects.jspa?selectedCategory=all&selectedProjectType=all&page=6" "Mozilla/5.0 (X11; Linux x86_64) AppleWebKit/537.36 (KHTML, like Gecko) HeadlessChrome/69.0.3497.0 Safari/537.36" "r9iozf"
10.0.0.202 0x93940x66 admin [08/Feb/2019:00:00:11 +0000] "GET /rest/gadget/1.0/issueTable/jql?num=10&tableContext=jira.table.cols.dashboard&addDefault=true&enableSorting=true&paging=true&showActions=true&jql=assignee+%3D+currentUser()+AND+resolution+%3D+unresolved+ORDER+BY+priority+DESC%2C+created+ASC&sortBy=&startIndex=0&_=1549584008201 HTTP/1.1" 200 2549 3132 "http://jpt-78fee-loadbala-1tinio05oht69-319737628.eu-west-1.elb.amazonaws.com/secure/Dashboard.jspa" "Mozilla/5.0 (X11; Linux x86_64) AppleWebKit/537.36 (KHTML, like Gecko) HeadlessChrome/69.0.3497.0 Safari/537.36" "1u3y7d3"
10.0.0.202 0x94228x46 admin [08/Feb/2019:00:00:11 +0000] "GET /rest/hipchat/integrations/1.0/configuration/status?_=1549584011357 HTTP/1.1" 200 141 2 "http://jpt-78fee-loadbala-1tinio05oht69-319737628.eu-west-1.elb.amazonaws.com/secure/EditIssue!default.jspa?id=686272" "Mozilla/5.0 (X11; Linux x86_64) AppleWebKit/537.36 (KHTML, like Gecko) HeadlessChrome/69.0.3497.0 Safari/537.36" "6my7yp"
10.0.0.202 0x94227x45 admin [08/Feb/2019:00:00:11 +0000] "GET /rest/hipchat/integrations/1.0/configuration/status?_=1549584011318 HTTP/1.1" 200 141 7 "http://jpt-78fee-loadbala-1tinio05oht69-319737628.eu-west-1.elb.amazonaws.com/secure/BrowseProjects.jspa?selectedCategory=all&selectedProjectType=all&page=6" "Mozilla/5.0 (X11; Linux x86_64) AppleWebKit/537.36 (KHTML, like Gecko) HeadlessChrome/69.0.3497.0 Safari/537.36" "r9iozf"
10.0.0.40 0x94023x65 admin [08/Feb/2019:00:00:11 +0000] "GET /browse/AUSA-615 HTTP/1.1" 200 23922 2416 "-" "Mozilla/5.0 (X11; Linux x86_64) AppleWebKit/537.36 (KHTML, like Gecko) HeadlessChrome/69.0.3497.0 Safari/537.36" "736ufr"
10.0.0.202 0x94005x64 admin [08/Feb/2019:00:00:11 +0000] "GET /browse/AUSA-83 HTTP/1.1" 200 22904 2525 "-" "Mozilla/5.0 (X11; Linux x86_64) AppleWebKit/537.36 (KHTML, like Gecko) HeadlessChrome/69.0.3497.0 Safari/537.36" "btb543"
10.0.0.202 0x94226x44 admin [08/Feb/2019:00:00:11 +0000] "GET /rest/troubleshooting/1.0/check/admin?_=1549584011321 HTTP/1.1" 200 57 16 "http://jpt-78fee-loadbala-1tinio05oht69-319737628.eu-west-1.elb.amazonaws.com/secure/BrowseProjects.jspa?selectedCategory=all&selectedProjectType=all&page=6" "Mozilla/5.0 (X11; Linux x86_64) AppleWebKit/537.36 (KHTML, like Gecko) HeadlessChrome/69.0.3497.0 Safari/537.36" "r9iozf"
10.0.0.40 0x94231x46 admin [08/Feb/2019:00:00:11 +0000] "GET /rest/troubleshooting/1.0/check/admin?_=1549584011359 HTTP/1.1" 200 57 8 "http://jpt-78fee-loadbala-1tinio05oht69-319737628.eu-west-1.elb.amazonaws.com/secure/EditIssue!default.jspa?id=686272" "Mozilla/5.0 (X11; Linux x86_64) AppleWebKit/537.36 (KHTML, like Gecko) HeadlessChrome/69.0.3497.0 Safari/537.36" "6my7yp"
10.0.0.40 0x94222x42 admin [08/Feb/2019:00:00:11 +0000] "GET /secure/AjaxIssueEditAction!default.jspa?decorator=none&issueId=849894&_=1549584011302 HTTP/1.1" 200 3978 66 "http://jpt-78fee-loadbala-1tinio05oht69-319737628.eu-west-1.elb.amazonaws.com/browse/SP-658" "Mozilla/5.0 (X11; Linux x86_64) AppleWebKit/537.36 (KHTML, like Gecko) HeadlessChrome/69.0.3497.0 Safari/537.36" "da0fjo"
10.0.0.202 0x94061x67 admin [08/Feb/2019:00:00:11 +0000] "GET /browse/AELI-31 HTTP/1.1" 200 23628 1992 "-" "Mozilla/5.0 (X11; Linux x86_64) AppleWebKit/537.36 (KHTML, like Gecko) HeadlessChrome/69.0.3497.0 Safari/537.36" "tnh905"
10.0.0.202 0x94229x45 admin [08/Feb/2019:00:00:11 +0000] "POST /rest/webResources/1.0/resources HTTP/1.1" 200 408 55 "http://jpt-78fee-loadbala-1tinio05oht69-319737628.eu-west-1.elb.amazonaws.com/secure/EditIssue!default.jspa?id=686272" "Mozilla/5.0 (X11; Linux x86_64) AppleWebKit/537.36 (KHTML, like Gecko) HeadlessChrome/69.0.3497.0 Safari/537.36" "6my7yp"
10.0.0.40 0x93612x76 admin [08/Feb/2019:00:00:11 +0000] "GET /issues/?jql=assignee+%3D+admin+order+by+project HTTP/1.1" 200 119401 8552 "-" "Mozilla/5.0 (X11; Linux x86_64) AppleWebKit/537.36 (KHTML, like Gecko) HeadlessChrome/69.0.3497.0 Safari/537.36" "1otobjn"
10.0.0.40 0x94233x40 admin [08/Feb/2019:00:00:11 +0000] "GET /rest/bamboo/latest/deploy/AUSA/AUSA-615?_=1549584011407 HTTP/1.1" 200 44 1 "http://jpt-78fee-loadbala-1tinio05oht69-319737628.eu-west-1.elb.amazonaws.com/browse/AUSA-615" "Mozilla/5.0 (X11; Linux x86_64) AppleWebKit/537.36 (KHTML, like Gecko) HeadlessChrome/69.0.3497.0 Safari/537.36" "736ufr"
10.0.0.202 0x94234x40 admin [08/Feb/2019:00:00:11 +0000] "GET /rest/bamboo/latest/deploy/AUSA/AUSA-83?_=1549584011418 HTTP/1.1" 200 44 2 "http://jpt-78fee-loadbala-1tinio05oht69-319737628.eu-west-1.elb.amazonaws.com/browse/AUSA-83" "Mozilla/5.0 (X11; Linux x86_64) AppleWebKit/537.36 (KHTML, like Gecko) HeadlessChrome/69.0.3497.0 Safari/537.36" "btb543"
10.0.0.202 0x94235x40 admin [08/Feb/2019:00:00:11 +0000] "GET /rest/bamboo/latest/deploy/AELI/AELI-31?_=1549584011428 HTTP/1.1" 200 44 1 "http://jpt-78fee-loadbala-1tinio05oht69-319737628.eu-west-1.elb.amazonaws.com/browse/AELI-31" "Mozilla/5.0 (X11; Linux x86_64) AppleWebKit/537.36 (KHTML, like Gecko) HeadlessChrome/69.0.3497.0 Safari/537.36" "tnh905"
10.0.0.40 0x94241x45 admin [08/Feb/2019:00:00:11 +0000] "GET /rest/hipchat/integrations/1.0/configuration/status?_=1549584011484 HTTP/1.1" 200 141 2 "http://jpt-78fee-loadbala-1tinio05oht69-319737628.eu-west-1.elb.amazonaws.com/browse/SP-658" "Mozilla/5.0 (X11; Linux x86_64) AppleWebKit/537.36 (KHTML, like Gecko) HeadlessChrome/69.0.3497.0 Safari/537.36" "da0fjo"
10.0.0.202 0x94245x48 admin [08/Feb/2019:00:00:11 +0000] "GET /rest/api/2/filter/favourite?expand=subscriptions[-5:]&_=1549584011524 HTTP/1.1" 200 44 1 "http://jpt-78fee-loadbala-1tinio05oht69-319737628.eu-west-1.elb.amazonaws.com/issues/?jql=assignee+%3D+admin+order+by+project" "Mozilla/5.0 (X11; Linux x86_64) AppleWebKit/537.36 (KHTML, like Gecko) HeadlessChrome/69.0.3497.0 Safari/537.36" "1otobjn"
10.0.0.40 0x94247x49 admin [08/Feb/2019:00:00:11 +0000] "GET /rest/hipchat/integrations/1.0/issuepanel/data/SP-658?_=1549584011482 HTTP/1.1" 200 180 3 "http://jpt-78fee-loadbala-1tinio05oht69-319737628.eu-west-1.elb.amazonaws.com/browse/SP-658" "Mozilla/5.0 (X11; Linux x86_64) AppleWebKit/537.36 (KHTML, like Gecko) HeadlessChrome/69.0.3497.0 Safari/537.36" "da0fjo"
10.0.0.202 0x94249x50 admin [08/Feb/2019:00:00:11 +0000] "GET /rest/hipchat/integrations/1.0/issuepanel/data/AELI-31?_=1549584011551 HTTP/1.1" 200 182 3 "http://jpt-78fee-loadbala-1tinio05oht69-319737628.eu-west-1.elb.amazonaws.com/browse/AELI-31" "Mozilla/5.0 (X11; Linux x86_64) AppleWebKit/537.36 (KHTML, like Gecko) HeadlessChrome/69.0.3497.0 Safari/537.36" "tnh905"
10.0.0.202 0x94250x51 admin [08/Feb/2019:00:00:11 +0000] "GET /rest/hipchat/integrations/1.0/configuration/status?_=1549584011553 HTTP/1.1" 200 141 1 "http://jpt-78fee-loadbala-1tinio05oht69-319737628.eu-west-1.elb.amazonaws.com/browse/AELI-31" "Mozilla/5.0 (X11; Linux x86_64) AppleWebKit/537.36 (KHTML, like Gecko) HeadlessChrome/69.0.3497.0 Safari/537.36" "tnh905"
10.0.0.40 0x94077x50 admin [08/Feb/2019:00:00:11 +0000] "POST /rest/issueNav/1/issueTable/stable HTTP/1.1" 200 3747 1819 "http://jpt-78fee-loadbala-1tinio05oht69-319737628.eu-west-1.elb.amazonaws.com/issues/?jql=resolved%20is%20not%20empty%20order%20by%20description" "Mozilla/5.0 (X11; Linux x86_64) AppleWebKit/537.36 (KHTML, like Gecko) HeadlessChrome/69.0.3497.0 Safari/537.36" "y7t68e"
10.0.0.40 0x94243x47 admin [08/Feb/2019:00:00:11 +0000] "GET /rest/troubleshooting/1.0/check/admin?_=1549584011484 HTTP/1.1" 200 57 62 "http://jpt-78fee-loadbala-1tinio05oht69-319737628.eu-west-1.elb.amazonaws.com/browse/SP-658" "Mozilla/5.0 (X11; Linux x86_64) AppleWebKit/537.36 (KHTML, like Gecko) HeadlessChrome/69.0.3497.0 Safari/537.36" "da0fjo"
10.0.0.40 0x94238x42 admin [08/Feb/2019:00:00:11 +0000] "POST /rest/webResources/1.0/resources HTTP/1.1" 200 545 74 "http://jpt-78fee-loadbala-1tinio05oht69-319737628.eu-west-1.elb.amazonaws.com/browse/SP-658" "Mozilla/5.0 (X11; Linux x86_64) AppleWebKit/537.36 (KHTML, like Gecko) HeadlessChrome/69.0.3497.0 Safari/537.36" "da0fjo"
10.0.0.40 0x94239x43 admin [08/Feb/2019:00:00:11 +0000] "POST /rest/webResources/1.0/resources HTTP/1.1" 200 86 75 "http://jpt-78fee-loadbala-1tinio05oht69-319737628.eu-west-1.elb.amazonaws.com/browse/APTA-572" "Mozilla/5.0 (X11; Linux x86_64) AppleWebKit/537.36 (KHTML, like Gecko) HeadlessChrome/69.0.3497.0 Safari/537.36" "m78c82"
10.0.0.40 0x94255x51 admin [08/Feb/2019:00:00:11 +0000] "GET /rest/hipchat/integrations/1.0/issuepanel/data/AUSA-615?_=1549584011602 HTTP/1.1" 200 183 3 "http://jpt-78fee-loadbala-1tinio05oht69-319737628.eu-west-1.elb.amazonaws.com/browse/AUSA-615" "Mozilla/5.0 (X11; Linux x86_64) AppleWebKit/537.36 (KHTML, like Gecko) HeadlessChrome/69.0.3497.0 Safari/537.36" "736ufr"
10.0.0.40 0x94256x51 admin [08/Feb/2019:00:00:11 +0000] "GET /rest/hipchat/integrations/1.0/configuration/status?_=1549584011604 HTTP/1.1" 200 141 1 "http://jpt-78fee-loadbala-1tinio05oht69-319737628.eu-west-1.elb.amazonaws.com/browse/AUSA-615" "Mozilla/5.0 (X11; Linux x86_64) AppleWebKit/537.36 (KHTML, like Gecko) HeadlessChrome/69.0.3497.0 Safari/537.36" "736ufr"
10.0.0.40 0x94242x46 admin [08/Feb/2019:00:00:11 +0000] "POST /rest/webResources/1.0/resources HTTP/1.1" 200 515 77 "http://jpt-78fee-loadbala-1tinio05oht69-319737628.eu-west-1.elb.amazonaws.com/issues/?jql=assignee+%3D+admin+order+by+project" "Mozilla/5.0 (X11; Linux x86_64) AppleWebKit/537.36 (KHTML, like Gecko) HeadlessChrome/69.0.3497.0 Safari/537.36" "1otobjn"
10.0.0.40 0x94258x51 admin [08/Feb/2019:00:00:11 +0000] "POST /rest/webResources/1.0/resources HTTP/1.1" 200 536 18 "http://jpt-78fee-loadbala-1tinio05oht69-319737628.eu-west-1.elb.amazonaws.com/browse/APTA-572" "Mozilla/5.0 (X11; Linux x86_64) AppleWebKit/537.36 (KHTML, like Gecko) HeadlessChrome/69.0.3497.0 Safari/537.36" "m78c82"
10.0.0.202 0x94251x51 admin [08/Feb/2019:00:00:11 +0000] "GET /rest/troubleshooting/1.0/check/admin?_=1549584011554 HTTP/1.1" 200 57 81 "http://jpt-78fee-loadbala-1tinio05oht69-319737628.eu-west-1.elb.amazonaws.com/browse/AELI-31" "Mozilla/5.0 (X11; Linux x86_64) AppleWebKit/537.36 (KHTML, like Gecko) HeadlessChrome/69.0.3497.0 Safari/537.36" "tnh905"
10.0.0.40 0x94248x50 admin [08/Feb/2019:00:00:11 +0000] "POST /rest/quickedit/1.0/userpreferences/create HTTP/1.1" 200 40 113 "http://jpt-78fee-loadbala-1tinio05oht69-319737628.eu-west-1.elb.amazonaws.com/secure/Dashboard.jspa" "Mozilla/5.0 (X11; Linux x86_64) AppleWebKit/537.36 (KHTML, like Gecko) HeadlessChrome/69.0.3497.0 Safari/537.36" "1l5ka6j"
10.0.0.40 0x94260x49 admin [08/Feb/2019:00:00:11 +0000] "POST /rest/orderbycomponent/latest/orderByOptions/primary HTTP/1.1" 200 140 1 "http://jpt-78fee-loadbala-1tinio05oht69-319737628.eu-west-1.elb.amazonaws.com/issues/?jql=resolved%20is%20not%20empty%20order%20by%20description" "Mozilla/5.0 (X11; Linux x86_64) AppleWebKit/537.36 (KHTML, like Gecko) HeadlessChrome/69.0.3497.0 Safari/537.36" "y7t68e"
10.0.0.202 0x94261x49 admin [08/Feb/2019:00:00:11 +0000] "POST /rest/webResources/1.0/resources HTTP/1.1" 200 408 8 "http://jpt-78fee-loadbala-1tinio05oht69-319737628.eu-west-1.elb.amazonaws.com/secure/BrowseProjects.jspa?selectedCategory=all&selectedProjectType=all&page=6" "Mozilla/5.0 (X11; Linux x86_64) AppleWebKit/537.36 (KHTML, like Gecko) HeadlessChrome/69.0.3497.0 Safari/537.36" "r9iozf"
10.0.0.40 0x94253x51 admin [08/Feb/2019:00:00:11 +0000] "POST /rest/webResources/1.0/resources HTTP/1.1" 200 545 101 "http://jpt-78fee-loadbala-1tinio05oht69-319737628.eu-west-1.elb.amazonaws.com/browse/AUSA-615" "Mozilla/5.0 (X11; Linux x86_64) AppleWebKit/537.36 (KHTML, like Gecko) HeadlessChrome/69.0.3497.0 Safari/537.36" "736ufr"
10.0.0.202 0x94244x47 admin [08/Feb/2019:00:00:11 +0000] "POST /rest/webResources/1.0/resources HTTP/1.1" 200 545 161 "http://jpt-78fee-loadbala-1tinio05oht69-319737628.eu-west-1.elb.amazonaws.com/browse/AELI-31" "Mozilla/5.0 (X11; Linux x86_64) AppleWebKit/537.36 (KHTML, like Gecko) HeadlessChrome/69.0.3497.0 Safari/537.36" "tnh905"
10.0.0.202 0x94264x49 admin [08/Feb/2019:00:00:11 +0000] "GET /rest/hipchat/integrations/1.0/issuepanel/data/AUSA-83?_=1549584011705 HTTP/1.1" 200 181 3 "http://jpt-78fee-loadbala-1tinio05oht69-319737628.eu-west-1.elb.amazonaws.com/browse/AUSA-83" "Mozilla/5.0 (X11; Linux x86_64) AppleWebKit/537.36 (KHTML, like Gecko) HeadlessChrome/69.0.3497.0 Safari/537.36" "btb543"
10.0.0.202 0x94254x52 admin [08/Feb/2019:00:00:11 +0000] "POST /rest/issueNav/latest/preferredSearchLayout HTTP/1.1" 200 40 110 "http://jpt-78fee-loadbala-1tinio05oht69-319737628.eu-west-1.elb.amazonaws.com/issues/?jql=assignee%20%3D%20admin%20order%20by%20project" "Mozilla/5.0 (X11; Linux x86_64) AppleWebKit/537.36 (KHTML, like Gecko) HeadlessChrome/69.0.3497.0 Safari/537.36" "1otobjn"
10.0.0.202 0x94265x49 admin [08/Feb/2019:00:00:11 +0000] "GET /rest/hipchat/integrations/1.0/configuration/status?_=1549584011707 HTTP/1.1" 200 141 2 "http://jpt-78fee-loadbala-1tinio05oht69-319737628.eu-west-1.elb.amazonaws.com/browse/AUSA-83" "Mozilla/5.0 (X11; Linux x86_64) AppleWebKit/537.36 (KHTML, like Gecko) HeadlessChrome/69.0.3497.0 Safari/537.36" "btb543"
10.0.0.202 0x94262x49 admin [08/Feb/2019:00:00:11 +0000] "POST /rest/webResources/1.0/resources HTTP/1.1" 200 545 18 "http://jpt-78fee-loadbala-1tinio05oht69-319737628.eu-west-1.elb.amazonaws.com/browse/AUSA-83" "Mozilla/5.0 (X11; Linux x86_64) AppleWebKit/537.36 (KHTML, like Gecko) HeadlessChrome/69.0.3497.0 Safari/537.36" "btb543"
10.0.0.40 0x94257x51 admin [08/Feb/2019:00:00:11 +0000] "GET /rest/troubleshooting/1.0/check/admin?_=1549584011604 HTTP/1.1" 200 57 111 "http://jpt-78fee-loadbala-1tinio05oht69-319737628.eu-west-1.elb.amazonaws.com/browse/AUSA-615" "Mozilla/5.0 (X11; Linux x86_64) AppleWebKit/537.36 (KHTML, like Gecko) HeadlessChrome/69.0.3497.0 Safari/537.36" "736ufr"
10.0.0.40 0x94246x48 admin [08/Feb/2019:00:00:11 +0000] "POST /rest/webResources/1.0/resources HTTP/1.1" 200 537 201 "http://jpt-78fee-loadbala-1tinio05oht69-319737628.eu-west-1.elb.amazonaws.com/browse/AALM-218?focusedCommentId=5411200" "Mozilla/5.0 (X11; Linux x86_64) AppleWebKit/537.36 (KHTML, like Gecko) HeadlessChrome/69.0.3497.0 Safari/537.36" "170539h"
10.0.0.202 0x94269x48 admin [08/Feb/2019:00:00:11 +0000] "POST /rest/analytics/1.0/publish/bulk HTTP/1.1" 200 40 1 "http://jpt-78fee-loadbala-1tinio05oht69-319737628.eu-west-1.elb.amazonaws.com/secure/Dashboard.jspa" "Mozilla/5.0 (X11; Linux x86_64) AppleWebKit/537.36 (KHTML, like Gecko) HeadlessChrome/69.0.3497.0 Safari/537.36" "1470ia3"
10.0.0.40 0x94267x47 admin [08/Feb/2019:00:00:11 +0000] "POST /rest/webResources/1.0/resources HTTP/1.1" 200 408 35 "http://jpt-78fee-loadbala-1tinio05oht69-319737628.eu-west-1.elb.amazonaws.com/browse/SP-658" "Mozilla/5.0 (X11; Linux x86_64) AppleWebKit/537.36 (KHTML, like Gecko) HeadlessChrome/69.0.3497.0 Safari/537.36" "da0fjo"
10.0.0.40 0x94270x48 admin [08/Feb/2019:00:00:11 +0000] "POST /rest/webResources/1.0/resources HTTP/1.1" 200 86 7 "http://jpt-78fee-loadbala-1tinio05oht69-319737628.eu-west-1.elb.amazonaws.com/issues/?jql=resolved+is+not+empty+order+by+description" "Mozilla/5.0 (X11; Linux x86_64) AppleWebKit/537.36 (KHTML, like Gecko) HeadlessChrome/69.0.3497.0 Safari/537.36" "1hahknv"
10.0.0.40 0x94271x47 admin [08/Feb/2019:00:00:11 +0000] "POST /rest/analytics/1.0/publish/bulk HTTP/1.1" 200 40 1 "http://jpt-78fee-loadbala-1tinio05oht69-319737628.eu-west-1.elb.amazonaws.com/issues/?jql=resolved%20is%20not%20empty%20order%20by%20description" "Mozilla/5.0 (X11; Linux x86_64) AppleWebKit/537.36 (KHTML, like Gecko) HeadlessChrome/69.0.3497.0 Safari/537.36" "hhd10y"
10.0.0.202 0x94266x49 admin [08/Feb/2019:00:00:11 +0000] "GET /rest/troubleshooting/1.0/check/admin?_=1549584011709 HTTP/1.1" 200 57 66 "http://jpt-78fee-loadbala-1tinio05oht69-319737628.eu-west-1.elb.amazonaws.com/browse/AUSA-83" "Mozilla/5.0 (X11; Linux x86_64) AppleWebKit/537.36 (KHTML, like Gecko) HeadlessChrome/69.0.3497.0 Safari/537.36" "btb543"
10.0.0.202 0x94274x48 admin [08/Feb/2019:00:00:11 +0000] "POST /rest/analytics/1.0/publish/bulk HTTP/1.1" 200 40 1 "http://jpt-78fee-loadbala-1tinio05oht69-319737628.eu-west-1.elb.amazonaws.com/secure/BrowseProjects.jspa?selectedCategory=all&selectedProjectType=all&page=6" "Mozilla/5.0 (X11; Linux x86_64) AppleWebKit/537.36 (KHTML, like Gecko) HeadlessChrome/69.0.3497.0 Safari/537.36" "r9iozf"
10.0.0.40 0x94080x53 admin [08/Feb/2019:00:00:11 +0000] "GET /browse/AALM-218?focusedCommentId=5411200 HTTP/1.1" 200 23979 2033 "http://jpt-78fee-loadbala-1tinio05oht69-319737628.eu-west-1.elb.amazonaws.com/secure/AddComment!default.jspa?id=76917" "Mozilla/5.0 (X11; Linux x86_64) AppleWebKit/537.36 (KHTML, like Gecko) HeadlessChrome/69.0.3497.0 Safari/537.36" "170539h"
10.0.0.202 0x94273x47 admin [08/Feb/2019:00:00:11 +0000] "POST /rest/webResources/1.0/resources HTTP/1.1" 200 408 11 "http://jpt-78fee-loadbala-1tinio05oht69-319737628.eu-west-1.elb.amazonaws.com/browse/AUSA-83" "Mozilla/5.0 (X11; Linux x86_64) AppleWebKit/537.36 (KHTML, like Gecko) HeadlessChrome/69.0.3497.0 Safari/537.36" "btb543"
10.0.0.202 0x94275x46 admin [08/Feb/2019:00:00:11 +0000] "POST /rest/webResources/1.0/resources HTTP/1.1" 200 537 10 "http://jpt-78fee-loadbala-1tinio05oht69-319737628.eu-west-1.elb.amazonaws.com/browse/AAMI-348" "Mozilla/5.0 (X11; Linux x86_64) AppleWebKit/537.36 (KHTML, like Gecko) HeadlessChrome/69.0.3497.0 Safari/537.36" "fymvpd"
10.0.0.40 0x94276x47 admin [08/Feb/2019:00:00:11 +0000] "POST /rest/webResources/1.0/resources HTTP/1.1" 200 703 8 "http://jpt-78fee-loadbala-1tinio05oht69-319737628.eu-west-1.elb.amazonaws.com/issues/?jql=resolved+is+not+empty+order+by+description" "Mozilla/5.0 (X11; Linux x86_64) AppleWebKit/537.36 (KHTML, like Gecko) HeadlessChrome/69.0.3497.0 Safari/537.36" "1hahknv"
10.0.0.202 0x94277x46 admin [08/Feb/2019:00:00:11 +0000] "POST /rest/webResources/1.0/resources HTTP/1.1" 200 86 8 "http://jpt-78fee-loadbala-1tinio05oht69-319737628.eu-west-1.elb.amazonaws.com/browse/AOBA-594" "Mozilla/5.0 (X11; Linux x86_64) AppleWebKit/537.36 (KHTML, like Gecko) HeadlessChrome/69.0.3497.0 Safari/537.36" "1c75b86"
10.0.0.40 0x94279x47 admin [08/Feb/2019:00:00:11 +0000] "GET /rest/hipchat/integrations/1.0/configuration/status?_=1549584011877 HTTP/1.1" 200 141 2 "http://jpt-78fee-loadbala-1tinio05oht69-319737628.eu-west-1.elb.amazonaws.com/issues/?jql=assignee%20%3D%20admin%20order%20by%20project" "Mozilla/5.0 (X11; Linux x86_64) AppleWebKit/537.36 (KHTML, like Gecko) HeadlessChrome/69.0.3497.0 Safari/537.36" "1otobjn"
10.0.0.202 0x94280x48 admin [08/Feb/2019:00:00:11 +0000] "GET /rest/troubleshooting/1.0/check/admin?_=1549584011878 HTTP/1.1" 200 57 3 "http://jpt-78fee-loadbala-1tinio05oht69-319737628.eu-west-1.elb.amazonaws.com/issues/?jql=assignee%20%3D%20admin%20order%20by%20project" "Mozilla/5.0 (X11; Linux x86_64) AppleWebKit/537.36 (KHTML, like Gecko) HeadlessChrome/69.0.3497.0 Safari/537.36" "1otobjn"
10.0.0.40 0x94281x47 admin [08/Feb/2019:00:00:11 +0000] "GET /rest/bamboo/latest/deploy/AALM/AALM-218?_=1549584011904 HTTP/1.1" 200 44 1 "http://jpt-78fee-loadbala-1tinio05oht69-319737628.eu-west-1.elb.amazonaws.com/browse/AALM-218?focusedCommentId=5411200" "Mozilla/5.0 (X11; Linux x86_64) AppleWebKit/537.36 (KHTML, like Gecko) HeadlessChrome/69.0.3497.0 Safari/537.36" "170539h"
10.0.0.40 0x94289x54 admin [08/Feb/2019:00:00:12 +0000] "POST /rest/analytics/1.0/publish/bulk HTTP/1.1" 200 40 2 "http://jpt-78fee-loadbala-1tinio05oht69-319737628.eu-west-1.elb.amazonaws.com/browse/SP-658" "Mozilla/5.0 (X11; Linux x86_64) AppleWebKit/537.36 (KHTML, like Gecko) HeadlessChrome/69.0.3497.0 Safari/537.36" "da0fjo"
10.0.0.202 0x94287x52 admin [08/Feb/2019:00:00:12 +0000] "POST /rest/analytics/1.0/publish/bulk HTTP/1.1" 200 40 3 "http://jpt-78fee-loadbala-1tinio05oht69-319737628.eu-west-1.elb.amazonaws.com/secure/Dashboard.jspa" "Mozilla/5.0 (X11; Linux x86_64) AppleWebKit/537.36 (KHTML, like Gecko) HeadlessChrome/69.0.3497.0 Safari/537.36" "h9z55i"
10.0.0.202 0x94290x54 admin [08/Feb/2019:00:00:12 +0000] "POST /rest/analytics/1.0/publish/bulk HTTP/1.1" 200 40 2 "http://jpt-78fee-loadbala-1tinio05oht69-319737628.eu-west-1.elb.amazonaws.com/browse/AELI-31" "Mozilla/5.0 (X11; Linux x86_64) AppleWebKit/537.36 (KHTML, like Gecko) HeadlessChrome/69.0.3497.0 Safari/537.36" "tnh905"
10.0.0.202 0x94292x54 admin [08/Feb/2019:00:00:12 +0000] "POST /rest/analytics/1.0/publish/bulk HTTP/1.1" 200 40 1 "http://jpt-78fee-loadbala-1tinio05oht69-319737628.eu-west-1.elb.amazonaws.com/secure/EditIssue!default.jspa?id=686272" "Mozilla/5.0 (X11; Linux x86_64) AppleWebKit/537.36 (KHTML, like Gecko) HeadlessChrome/69.0.3497.0 Safari/537.36" "6my7yp"
10.0.0.40 0x94288x53 admin [08/Feb/2019:00:00:12 +0000] "POST /rest/webResources/1.0/resources HTTP/1.1" 200 408 23 "http://jpt-78fee-loadbala-1tinio05oht69-319737628.eu-west-1.elb.amazonaws.com/browse/AUSA-615" "Mozilla/5.0 (X11; Linux x86_64) AppleWebKit/537.36 (KHTML, like Gecko) HeadlessChrome/69.0.3497.0 Safari/537.36" "736ufr"
10.0.0.202 0x94285x50 admin [08/Feb/2019:00:00:12 +0000] "POST /rest/webResources/1.0/resources HTTP/1.1" 200 408 24 "http://jpt-78fee-loadbala-1tinio05oht69-319737628.eu-west-1.elb.amazonaws.com/issues/?jql=assignee%20%3D%20admin%20order%20by%20project" "Mozilla/5.0 (X11; Linux x86_64) AppleWebKit/537.36 (KHTML, like Gecko) HeadlessChrome/69.0.3497.0 Safari/537.36" "1otobjn"
10.0.0.40 0x94294x53 admin [08/Feb/2019:00:00:12 +0000] "POST /rest/analytics/1.0/publish/bulk HTTP/1.1" 200 40 1 "http://jpt-78fee-loadbala-1tinio05oht69-319737628.eu-west-1.elb.amazonaws.com/browse/AUSA-615" "Mozilla/5.0 (X11; Linux x86_64) AppleWebKit/537.36 (KHTML, like Gecko) HeadlessChrome/69.0.3497.0 Safari/537.36" "736ufr"
10.0.0.202 0x94283x48 admin [08/Feb/2019:00:00:12 +0000] "POST /rest/webResources/1.0/resources HTTP/1.1" 200 536 207 "http://jpt-78fee-loadbala-1tinio05oht69-319737628.eu-west-1.elb.amazonaws.com/browse/AOBA-594" "Mozilla/5.0 (X11; Linux x86_64) AppleWebKit/537.36 (KHTML, like Gecko) HeadlessChrome/69.0.3497.0 Safari/537.36" "1c75b86"
10.0.0.40 0x94296x53 admin [08/Feb/2019:00:00:12 +0000] "GET /rest/hipchat/integrations/1.0/issuepanel/data/AALM-218?_=1549584012129 HTTP/1.1" 200 183 3 "http://jpt-78fee-loadbala-1tinio05oht69-319737628.eu-west-1.elb.amazonaws.com/browse/AALM-218?focusedCommentId=5411200" "Mozilla/5.0 (X11; Linux x86_64) AppleWebKit/537.36 (KHTML, like Gecko) HeadlessChrome/69.0.3497.0 Safari/537.36" "170539h"
10.0.0.202 0x94297x53 admin [08/Feb/2019:00:00:12 +0000] "GET /rest/hipchat/integrations/1.0/configuration/status?_=1549584012130 HTTP/1.1" 200 141 1 "http://jpt-78fee-loadbala-1tinio05oht69-319737628.eu-west-1.elb.amazonaws.com/browse/AALM-218?focusedCommentId=5411200" "Mozilla/5.0 (X11; Linux x86_64) AppleWebKit/537.36 (KHTML, like Gecko) HeadlessChrome/69.0.3497.0 Safari/537.36" "170539h"
10.0.0.202 0x94299x54 admin [08/Feb/2019:00:00:12 +0000] "GET /rest/bamboo/latest/deploy/AAMI/AAMI-348?_=1549584012144 HTTP/1.1" 200 44 1 "http://jpt-78fee-loadbala-1tinio05oht69-319737628.eu-west-1.elb.amazonaws.com/browse/AAMI-348" "Mozilla/5.0 (X11; Linux x86_64) AppleWebKit/537.36 (KHTML, like Gecko) HeadlessChrome/69.0.3497.0 Safari/537.36" "fymvpd"
10.0.0.202 0x94268x48 admin [08/Feb/2019:00:00:12 +0000] "PUT /rest/projects/1.0/project/AUSA/lastVisited HTTP/1.1" 200 40 460 "http://jpt-78fee-loadbala-1tinio05oht69-319737628.eu-west-1.elb.amazonaws.com/browse/AUSA-83" "Mozilla/5.0 (X11; Linux x86_64) AppleWebKit/537.36 (KHTML, like Gecko) HeadlessChrome/69.0.3497.0 Safari/537.36" "btb543"
10.0.0.202 0x94302x56 admin [08/Feb/2019:00:00:12 +0000] "POST /rest/analytics/1.0/publish/bulk HTTP/1.1" 200 40 2 "http://jpt-78fee-loadbala-1tinio05oht69-319737628.eu-west-1.elb.amazonaws.com/browse/AUSA-83" "Mozilla/5.0 (X11; Linux x86_64) AppleWebKit/537.36 (KHTML, like Gecko) HeadlessChrome/69.0.3497.0 Safari/537.36" "btb543"
10.0.0.40 0x94293x52 admin [08/Feb/2019:00:00:12 +0000] "POST /rest/webResources/1.0/resources HTTP/1.1" 200 545 116 "http://jpt-78fee-loadbala-1tinio05oht69-319737628.eu-west-1.elb.amazonaws.com/browse/AALM-218?focusedCommentId=5411200" "Mozilla/5.0 (X11; Linux x86_64) AppleWebKit/537.36 (KHTML, like Gecko) HeadlessChrome/69.0.3497.0 Safari/537.36" "170539h"
10.0.0.202 0x94298x54 admin [08/Feb/2019:00:00:12 +0000] "GET /rest/troubleshooting/1.0/check/admin?_=1549584012130 HTTP/1.1" 200 57 110 "http://jpt-78fee-loadbala-1tinio05oht69-319737628.eu-west-1.elb.amazonaws.com/browse/AALM-218?focusedCommentId=5411200" "Mozilla/5.0 (X11; Linux x86_64) AppleWebKit/537.36 (KHTML, like Gecko) HeadlessChrome/69.0.3497.0 Safari/537.36" "170539h"
10.0.0.40 0x94263x50 admin [08/Feb/2019:00:00:12 +0000] "PUT /rest/projects/1.0/project/SP/lastVisited HTTP/1.1" 200 40 581 "http://jpt-78fee-loadbala-1tinio05oht69-319737628.eu-west-1.elb.amazonaws.com/browse/SP-658" "Mozilla/5.0 (X11; Linux x86_64) AppleWebKit/537.36 (KHTML, like Gecko) HeadlessChrome/69.0.3497.0 Safari/537.36" "da0fjo"
10.0.0.202 0x94252x51 admin [08/Feb/2019:00:00:12 +0000] "PUT /rest/projects/1.0/project/AELI/lastVisited HTTP/1.1" 200 40 720 "http://jpt-78fee-loadbala-1tinio05oht69-319737628.eu-west-1.elb.amazonaws.com/browse/AELI-31" "Mozilla/5.0 (X11; Linux x86_64) AppleWebKit/537.36 (KHTML, like Gecko) HeadlessChrome/69.0.3497.0 Safari/537.36" "tnh905"
10.0.0.202 0x94171x53 admin [08/Feb/2019:00:00:12 +0000] "POST /rest/issueNav/1/issueTable/stable HTTP/1.1" 200 3747 1738 "http://jpt-78fee-loadbala-1tinio05oht69-319737628.eu-west-1.elb.amazonaws.com/issues/?jql=resolved%20is%20not%20empty%20order%20by%20description" "Mozilla/5.0 (X11; Linux x86_64) AppleWebKit/537.36 (KHTML, like Gecko) HeadlessChrome/69.0.3497.0 Safari/537.36" "ojj3go"
10.0.0.40 0x94130x53 admin [08/Feb/2019:00:00:12 +0000] "POST /rest/issueNav/1/issueTable/stable HTTP/1.1" 200 3747 2168 "http://jpt-78fee-loadbala-1tinio05oht69-319737628.eu-west-1.elb.amazonaws.com/issues/?jql=resolved%20is%20not%20empty%20order%20by%20description" "Mozilla/5.0 (X11; Linux x86_64) AppleWebKit/537.36 (KHTML, like Gecko) HeadlessChrome/69.0.3497.0 Safari/537.36" "l9t1oh"
10.0.0.40 0x93701x73 admin [08/Feb/2019:00:00:12 +0000] "POST /secure/QuickCreateIssue.jspa?decorator=none HTTP/1.1" 200 152924 7915 "http://jpt-78fee-loadbala-1tinio05oht69-319737628.eu-west-1.elb.amazonaws.com/secure/Dashboard.jspa" "Mozilla/5.0 (X11; Linux x86_64) AppleWebKit/537.36 (KHTML, like Gecko) HeadlessChrome/69.0.3497.0 Safari/537.36" "1h4z1ue"
10.0.0.202 0x94282x47 admin [08/Feb/2019:00:00:12 +0000] "POST /rest/webResources/1.0/resources HTTP/1.1" 200 408 455 "http://jpt-78fee-loadbala-1tinio05oht69-319737628.eu-west-1.elb.amazonaws.com/browse/AELI-31" "Mozilla/5.0 (X11; Linux x86_64) AppleWebKit/537.36 (KHTML, like Gecko) HeadlessChrome/69.0.3497.0 Safari/537.36" "tnh905"
