10.0.0.202 0x93956x63 admin [08/Feb/2019:00:00:08 +0000] "GET /rest/activity-stream/1.0/preferences?_=1549584008424 HTTP/1.1" 200 136 2 "http://jpt-78fee-loadbala-1tinio05oht69-319737628.eu-west-1.elb.amazonaws.com/plugins/servlet/gadgets/ifr?container=atlassian&mid=10003&country=US&lang=en&view=default&view-params=%7B%22writable%22%3A%22false%22%7D&st=atlassian%3ANUlSFKzvvR4VMY4m9%2BzREIbRueh%2FIgVy94yF8Zji04IJjUIMQBMtHV%2FSW2m49nWp1Mf4UasEPcm6mbHScZN2qev6G5wNU%2BNmhsqsAzsZ2cW%2Bg97yxNX1Zqc9tGu0T%2FBAXpi8Uxc3sBp7Lu6KGPdusPvs3xp3dOdLloNKx4pYVEMfL8B3nch9%2F5A0ZIfqBtOzod9Whz36l7BnS%2F%2BYxId6gRJdV%2BwDtNOZ8DiysX9x57Ns8OXR%2B4ubBtj3Wpul3csbZOo3fWgzO436moBQE42KeeN726B3Dfmm%2FLcKtjf0fu7KspMAgasawUJj%2BpQDTTWDax0DEuGHHvDXt%2FouCQEZKzj2x18DEIxllXICsbaUIo34Vx866gV81TqWZSyFjF8lYgy5ZQ%3D%3D&up_isConfigured=true&up_isReallyConfigured=false&up_title=Your+Company+Jira&up_titleRequired=true&up_numofentries=5&up_refresh=false&up_maxProviderLabelCharacters=50&up_rules=&up_renderingContext=&up_keys=__all_projects__&up_itemKeys=&up_username=&url=http%3A%2F%2Fjpt-78fee-loadbala-1tinio05oht69-319737628.eu-west-1.elb.amazonaws.com%2Frest%2Fgadgets%2F1.0%2Fg%2Fcom.atlassian.streams.streams-jira-plugin%3Aactivitystream-gadget%2Fgadgets%2Factivitystream-gadget.xml&libs=auth-refresh" "Mozilla/5.0 (X11; Linux x86_64) AppleWebKit/537.36 (KHTML, like Gecko) HeadlessChrome/69.0.3497.0 Safari/537.36" "1u3y7d3"
10.0.0.202 0x93961x67 - [08/Feb/2019:00:00:08 +0000] "GET /s/oh5ir2/713000/b6b48b2829824b869586ac216d119363/6.4.3/_/download/resources/com.atlassian.streams.streams-jira-plugin:date-en-US/date.js?callback=ActivityStreams.loadDateJs&_=1549584008453 HTTP/1.1" 200 1054 1 "http://jpt-78fee-loadbala-1tinio05oht69-319737628.eu-west-1.elb.amazonaws.com/plugins/servlet/gadgets/ifr?container=atlassian&mid=10003&country=US&lang=en&view=default&view-params=%7B%22writable%22%3A%22false%22%7D&st=atlassian%3ANUlSFKzvvR4VMY4m9%2BzREIbRueh%2FIgVy94yF8Zji04IJjUIMQBMtHV%2FSW2m49nWp1Mf4UasEPcm6mbHScZN2qev6G5wNU%2BNmhsqsAzsZ2cW%2Bg97yxNX1Zqc9tGu0T%2FBAXpi8Uxc3sBp7Lu6KGPdusPvs3xp3dOdLloNKx4pYVEMfL8B3nch9%2F5A0ZIfqBtOzod9Whz36l7BnS%2F%2BYxId6gRJdV%2BwDtNOZ8DiysX9x57Ns8OXR%2B4ubBtj3Wpul3csbZOo3fWgzO436moBQE42KeeN726B3Dfmm%2FLcKtjf0fu7KspMAgasawUJj%2BpQDTTWDax0DEuGHHvDXt%2FouCQEZKzj2x18DEIxllXICsbaUIo34Vx866gV81TqWZSyFjF8lYgy5ZQ%3D%3D&up_isConfigured=true&up_isReallyConfigured=false&up_title=Your+Company+Jira&up_titleRequired=true&up_numofentries=5&up_refresh=false&up_maxProviderLabelCharacters=50&up_rules=&up_renderingContext=&up_keys=__all_projects__&up_itemKeys=&up_username=&url=http%3A%2F%2Fjpt-78fee-loadbala-1tinio05oht69-319737628.eu-west-1.elb.amazonaws.com%2Frest%2Fgadgets%2F1.0%2Fg%2Fcom.atlassian.streams.streams-jira-plugin%3Aactivitystream-gadget%2Fgadgets%2Factivitystream-gadget.xml&libs=auth-refresh" "Mozilla/5.0 (X11; Linux x86_64) AppleWebKit/537.36 (KHTML, like Gecko) HeadlessChrome/69.0.3497.0 Safari/537.36" "1u3y7d3"
10.0.0.202 0x93960x66 admin [08/Feb/2019:00:00:08 +0000] "POST /rest/webResources/1.0/resources HTTP/1.1" 200 408 10 "http://jpt-78fee-loadbala-1tinio05oht69-319737628.eu-west-1.elb.amazonaws.com/secure/Dashboard.jspa" "Mozilla/5.0 (X11; Linux x86_64) AppleWebKit/537.36 (KHTML, like Gecko) HeadlessChrome/69.0.3497.0 Safari/537.36" "1u3y7d3"
10.0.0.40 0x93959x65 admin [08/Feb/2019:00:00:08 +0000] "POST /rest/webResources/1.0/resources HTTP/1.1" 200 487 15 "http://jpt-78fee-loadbala-1tinio05oht69-319737628.eu-west-1.elb.amazonaws.com/secure/BrowseProjects.jspa?selectedCategory=all&selectedProjectType=all&page=6" "Mozilla/5.0 (X11; Linux x86_64) AppleWebKit/537.36 (KHTML, like Gecko) HeadlessChrome/69.0.3497.0 Safari/537.36" "77geov"
10.0.0.202 0x93958x64 admin [08/Feb/2019:00:00:08 +0000] "POST /rest/webResources/1.0/resources HTTP/1.1" 200 537 23 "http://jpt-78fee-loadbala-1tinio05oht69-319737628.eu-west-1.elb.amazonaws.com/browse/BYCA-158?focusedCommentId=5410799" "Mozilla/5.0 (X11; Linux x86_64) AppleWebKit/537.36 (KHTML, like Gecko) HeadlessChrome/69.0.3497.0 Safari/537.36" "fymvpd"
10.0.0.40 0x93918x76 admin [08/Feb/2019:00:00:08 +0000] "GET /secure/AddComment!default.jspa?id=76917 HTTP/1.1" 200 10598 960 "-" "Mozilla/5.0 (X11; Linux x86_64) AppleWebKit/537.36 (KHTML, like Gecko) HeadlessChrome/69.0.3497.0 Safari/537.36" "170539h"
10.0.0.40 0x93962x63 admin [08/Feb/2019:00:00:08 +0000] "GET /rest/bamboo/latest/deploy/AAMI/AAMI-346?_=1549584008469 HTTP/1.1" 200 44 1 "http://jpt-78fee-loadbala-1tinio05oht69-319737628.eu-west-1.elb.amazonaws.com/browse/AAMI-346" "Mozilla/5.0 (X11; Linux x86_64) AppleWebKit/537.36 (KHTML, like Gecko) HeadlessChrome/69.0.3497.0 Safari/537.36" "1sjnw6m"
10.0.0.40 0x93514x62 admin [08/Feb/2019:00:00:08 +0000] "GET /secure/AjaxIssueEditAction!default.jspa?decorator=none&issueId=77358&_=1549584002063 HTTP/1.1" 200 137396 6386 "http://jpt-78fee-loadbala-1tinio05oht69-319737628.eu-west-1.elb.amazonaws.com/browse/AALM-659" "Mozilla/5.0 (X11; Linux x86_64) AppleWebKit/537.36 (KHTML, like Gecko) HeadlessChrome/69.0.3497.0 Safari/537.36" "1sjnw6m"
10.0.0.202 0x93791x70 admin [08/Feb/2019:00:00:08 +0000] "POST /rest/issueNav/1/issueTable/stable HTTP/1.1" 200 3809 2881 "http://jpt-78fee-loadbala-1tinio05oht69-319737628.eu-west-1.elb.amazonaws.com/issues/?jql=reporter%20was%20admin%20order%20by%20description" "Mozilla/5.0 (X11; Linux x86_64) AppleWebKit/537.36 (KHTML, like Gecko) HeadlessChrome/69.0.3497.0 Safari/537.36" "1alf8hx"
10.0.0.40 0x93966x64 admin [08/Feb/2019:00:00:08 +0000] "GET /rest/hipchat/integrations/1.0/configuration/status?_=1549584008498 HTTP/1.1" 200 141 1 "http://jpt-78fee-loadbala-1tinio05oht69-319737628.eu-west-1.elb.amazonaws.com/secure/EditIssue!default.jspa?id=849894" "Mozilla/5.0 (X11; Linux x86_64) AppleWebKit/537.36 (KHTML, like Gecko) HeadlessChrome/69.0.3497.0 Safari/537.36" "da0fjo"
10.0.0.40 0x93423x74 admin [08/Feb/2019:00:00:08 +0000] "GET /issues/?jql=resolved+is+not+empty+order+by+description HTTP/1.1" 200 70967 7753 "-" "Mozilla/5.0 (X11; Linux x86_64) AppleWebKit/537.36 (KHTML, like Gecko) HeadlessChrome/69.0.3497.0 Safari/537.36" "16hxhue"
10.0.0.40 0x93967x65 admin [08/Feb/2019:00:00:08 +0000] "GET /rest/troubleshooting/1.0/check/admin?_=1549584008500 HTTP/1.1" 200 57 11 "http://jpt-78fee-loadbala-1tinio05oht69-319737628.eu-west-1.elb.amazonaws.com/secure/EditIssue!default.jspa?id=849894" "Mozilla/5.0 (X11; Linux x86_64) AppleWebKit/537.36 (KHTML, like Gecko) HeadlessChrome/69.0.3497.0 Safari/537.36" "da0fjo"
10.0.0.40 0x93970x65 admin [08/Feb/2019:00:00:08 +0000] "POST /rest/webResources/1.0/resources HTTP/1.1" 200 487 7 "http://jpt-78fee-loadbala-1tinio05oht69-319737628.eu-west-1.elb.amazonaws.com/secure/AddComment!default.jspa?id=76917" "Mozilla/5.0 (X11; Linux x86_64) AppleWebKit/537.36 (KHTML, like Gecko) HeadlessChrome/69.0.3497.0 Safari/537.36" "170539h"
10.0.0.40 0x93965x63 admin [08/Feb/2019:00:00:08 +0000] "POST /rest/webResources/1.0/resources HTTP/1.1" 200 487 39 "http://jpt-78fee-loadbala-1tinio05oht69-319737628.eu-west-1.elb.amazonaws.com/secure/EditIssue!default.jspa?id=849894" "Mozilla/5.0 (X11; Linux x86_64) AppleWebKit/537.36 (KHTML, like Gecko) HeadlessChrome/69.0.3497.0 Safari/537.36" "da0fjo"
10.0.0.202 0x93971x64 admin [08/Feb/2019:00:00:08 +0000] "POST /rest/orderbycomponent/latest/orderByOptions/primary HTTP/1.1" 200 137 2 "http://jpt-78fee-loadbala-1tinio05oht69-319737628.eu-west-1.elb.amazonaws.com/issues/?jql=reporter%20was%20admin%20order%20by%20description" "Mozilla/5.0 (X11; Linux x86_64) AppleWebKit/537.36 (KHTML, like Gecko) HeadlessChrome/69.0.3497.0 Safari/537.36" "1alf8hx"
10.0.0.40 0x93972x64 admin [08/Feb/2019:00:00:08 +0000] "GET /rest/hipchat/integrations/1.0/configuration/status?_=1549584008552 HTTP/1.1" 200 141 2 "http://jpt-78fee-loadbala-1tinio05oht69-319737628.eu-west-1.elb.amazonaws.com/secure/BrowseProjects.jspa?selectedCategory=all&selectedProjectType=all&page=6" "Mozilla/5.0 (X11; Linux x86_64) AppleWebKit/537.36 (KHTML, like Gecko) HeadlessChrome/69.0.3497.0 Safari/537.36" "77geov"
10.0.0.40 0x93968x64 admin [08/Feb/2019:00:00:08 +0000] "POST /rest/webResources/1.0/resources HTTP/1.1" 200 86 32 "http://jpt-78fee-loadbala-1tinio05oht69-319737628.eu-west-1.elb.amazonaws.com/secure/BrowseProjects.jspa?selectedCategory=all&selectedProjectType=all&page=6" "Mozilla/5.0 (X11; Linux x86_64) AppleWebKit/537.36 (KHTML, like Gecko) HeadlessChrome/69.0.3497.0 Safari/537.36" "77geov"
10.0.0.40 0x93973x64 admin [08/Feb/2019:00:00:08 +0000] "GET /rest/troubleshooting/1.0/check/admin?_=1549584008554 HTTP/1.1" 200 57 2 "http://jpt-78fee-loadbala-1tinio05oht69-319737628.eu-west-1.elb.amazonaws.com/secure/BrowseProjects.jspa?selectedCategory=all&selectedProjectType=all&page=6" "Mozilla/5.0 (X11; Linux x86_64) AppleWebKit/537.36 (KHTML, like Gecko) HeadlessChrome/69.0.3497.0 Safari/537.36" "77geov"
10.0.0.202 0x93957x63 admin [08/Feb/2019:00:00:08 +0000] "GET /plugins/servlet/streams?maxResults=5&relativeLinks=true&_=1549584008431 HTTP/1.1" 200 722 136 "http://jpt-78fee-loadbala-1tinio05oht69-319737628.eu-west-1.elb.amazonaws.com/plugins/servlet/gadgets/ifr?container=atlassian&mid=10003&country=US&lang=en&view=default&view-params=%7B%22writable%22%3A%22false%22%7D&st=atlassian%3ANUlSFKzvvR4VMY4m9%2BzREIbRueh%2FIgVy94yF8Zji04IJjUIMQBMtHV%2FSW2m49nWp1Mf4UasEPcm6mbHScZN2qev6G5wNU%2BNmhsqsAzsZ2cW%2Bg97yxNX1Zqc9tGu0T%2FBAXpi8Uxc3sBp7Lu6KGPdusPvs3xp3dOdLloNKx4pYVEMfL8B3nch9%2F5A0ZIfqBtOzod9Whz36l7BnS%2F%2BYxId6gRJdV%2BwDtNOZ8DiysX9x57Ns8OXR%2B4ubBtj3Wpul3csbZOo3fWgzO436moBQE42KeeN726B3Dfmm%2FLcKtjf0fu7KspMAgasawUJj%2BpQDTTWDax0DEuGHHvDXt%2FouCQEZKzj2x18DEIxllXICsbaUIo34Vx866gV81TqWZSyFjF8lYgy5ZQ%3D%3D&up_isConfigured=true&up_isReallyConfigured=false&up_title=Your+Company+Jira&up_titleRequired=true&up_numofentries=5&up_refresh=false&up_maxProviderLabelCharacters=50&up_rules=&up_renderingContext=&up_keys=__all_projects__&up_itemKeys=&up_username=&url=http%3A%2F%2Fjpt-78fee-loadbala-1tinio05oht69-319737628.eu-west-1.elb.amazonaws.com%2Frest%2Fgadgets%2F1.0%2Fg%2Fcom.atlassian.streams.streams-jira-plugin%3Aactivitystream-gadget%2Fgadgets%2Factivitystream-gadget.xml&libs=auth-refresh" "Mozilla/5.0 (X11; Linux x86_64) AppleWebKit/537.36 (KHTML, like Gecko) HeadlessChrome/69.0.3497.0 Safari/537.36" "1u3y7d3"
10.0.0.40 0x93769x76 admin [08/Feb/2019:00:00:08 +0000] "GET /browse/AAMI-346 HTTP/1.1" 200 23457 3312 "-" "Mozilla/5.0 (X11; Linux x86_64) AppleWebKit/537.36 (KHTML, like Gecko) HeadlessChrome/69.0.3497.0 Safari/537.36" "1sjnw6m"
10.0.0.40 1439x93273x63 admin [08/Feb/2019:00:00:08 +0000] "GET /secure/AjaxIssueEditAction!default.jspa?decorator=none&issueId=843377&_=1549583999167 HTTP/1.1" 200 136681 9300 "http://jpt-78fee-loadbala-1tinio05oht69-319737628.eu-west-1.elb.amazonaws.com/browse/LMUA-112?jql=text%20~%20%22a*%22%20order%20by%20summary" "Mozilla/5.0 (X11; Linux x86_64) AppleWebKit/537.36 (KHTML, like Gecko) HeadlessChrome/69.0.3497.0 Safari/537.36" "h4omod"
10.0.0.40 0x93978x64 admin [08/Feb/2019:00:00:08 +0000] "GET /rest/greenhopper/1.0/xboard/toolSections?mode=work&rapidViewId=23&selectedProjectKey=APTA&_=1549584008619 HTTP/1.1" 200 413 2 "http://jpt-78fee-loadbala-1tinio05oht69-319737628.eu-west-1.elb.amazonaws.com/secure/RapidBoard.jspa?rapidView=23" "Mozilla/5.0 (X11; Linux x86_64) AppleWebKit/537.36 (KHTML, like Gecko) HeadlessChrome/69.0.3497.0 Safari/537.36" "736ufr"
10.0.0.40 0x93977x63 admin [08/Feb/2019:00:00:08 +0000] "GET /rest/api/2/project/APTA?_=1549584008614 HTTP/1.1" 200 711 9 "http://jpt-78fee-loadbala-1tinio05oht69-319737628.eu-west-1.elb.amazonaws.com/secure/RapidBoard.jspa?rapidView=23" "Mozilla/5.0 (X11; Linux x86_64) AppleWebKit/537.36 (KHTML, like Gecko) HeadlessChrome/69.0.3497.0 Safari/537.36" "736ufr"
10.0.0.40 0x93980x64 admin [08/Feb/2019:00:00:08 +0000] "GET /rest/hipchat/integrations/1.0/configuration/status?_=1549584008637 HTTP/1.1" 200 141 1 "http://jpt-78fee-loadbala-1tinio05oht69-319737628.eu-west-1.elb.amazonaws.com/secure/AddComment!default.jspa?id=76917" "Mozilla/5.0 (X11; Linux x86_64) AppleWebKit/537.36 (KHTML, like Gecko) HeadlessChrome/69.0.3497.0 Safari/537.36" "170539h"
10.0.0.40 0x93982x65 admin [08/Feb/2019:00:00:08 +0000] "GET /rest/hipchat/integrations/1.0/configuration/status?_=1549584008629 HTTP/1.1" 200 141 1 "http://jpt-78fee-loadbala-1tinio05oht69-319737628.eu-west-1.elb.amazonaws.com/secure/RapidBoard.jspa?rapidView=23" "Mozilla/5.0 (X11; Linux x86_64) AppleWebKit/537.36 (KHTML, like Gecko) HeadlessChrome/69.0.3497.0 Safari/537.36" "736ufr"
10.0.0.40 0x93981x65 admin [08/Feb/2019:00:00:08 +0000] "GET /rest/troubleshooting/1.0/check/admin?_=1549584008639 HTTP/1.1" 200 57 3 "http://jpt-78fee-loadbala-1tinio05oht69-319737628.eu-west-1.elb.amazonaws.com/secure/AddComment!default.jspa?id=76917" "Mozilla/5.0 (X11; Linux x86_64) AppleWebKit/537.36 (KHTML, like Gecko) HeadlessChrome/69.0.3497.0 Safari/537.36" "170539h"
10.0.0.40 0x93983x66 admin [08/Feb/2019:00:00:08 +0000] "GET /rest/troubleshooting/1.0/check/admin?_=1549584008629 HTTP/1.1" 200 57 2 "http://jpt-78fee-loadbala-1tinio05oht69-319737628.eu-west-1.elb.amazonaws.com/secure/RapidBoard.jspa?rapidView=23" "Mozilla/5.0 (X11; Linux x86_64) AppleWebKit/537.36 (KHTML, like Gecko) HeadlessChrome/69.0.3497.0 Safari/537.36" "736ufr"
10.0.0.202 0x93976x62 admin [08/Feb/2019:00:00:08 +0000] "POST /rest/webResources/1.0/resources HTTP/1.1" 200 537 24 "http://jpt-78fee-loadbala-1tinio05oht69-319737628.eu-west-1.elb.amazonaws.com/browse/SP-6" "Mozilla/5.0 (X11; Linux x86_64) AppleWebKit/537.36 (KHTML, like Gecko) HeadlessChrome/69.0.3497.0 Safari/537.36" "zr19ma"
10.0.0.40 0x93964x62 admin [08/Feb/2019:00:00:08 +0000] "POST /rest/webResources/1.0/resources HTTP/1.1" 200 854 158 "http://jpt-78fee-loadbala-1tinio05oht69-319737628.eu-west-1.elb.amazonaws.com/secure/RapidBoard.jspa?rapidView=23" "Mozilla/5.0 (X11; Linux x86_64) AppleWebKit/537.36 (KHTML, like Gecko) HeadlessChrome/69.0.3497.0 Safari/537.36" "736ufr"
10.0.0.40 0x93975x61 admin [08/Feb/2019:00:00:08 +0000] "GET /rest/greenhopper/1.0/xboard/work/allData.json?rapidViewId=23&selectedProjectKey=APTA&_=1549584008601 HTTP/1.1" 200 465 45 "http://jpt-78fee-loadbala-1tinio05oht69-319737628.eu-west-1.elb.amazonaws.com/secure/RapidBoard.jspa?rapidView=23" "Mozilla/5.0 (X11; Linux x86_64) AppleWebKit/537.36 (KHTML, like Gecko) HeadlessChrome/69.0.3497.0 Safari/537.36" "736ufr"
10.0.0.40 0x93974x61 admin [08/Feb/2019:00:00:08 +0000] "POST /rest/webResources/1.0/resources HTTP/1.1" 200 408 84 "http://jpt-78fee-loadbala-1tinio05oht69-319737628.eu-west-1.elb.amazonaws.com/secure/EditIssue!default.jspa?id=849894" "Mozilla/5.0 (X11; Linux x86_64) AppleWebKit/537.36 (KHTML, like Gecko) HeadlessChrome/69.0.3497.0 Safari/537.36" "da0fjo"
10.0.0.202 0x93771x72 admin [08/Feb/2019:00:00:08 +0000] "GET /browse/BYCA-158?focusedCommentId=5410799 HTTP/1.1" 200 21922 3369 "http://jpt-78fee-loadbala-1tinio05oht69-319737628.eu-west-1.elb.amazonaws.com/secure/AddComment!default.jspa?id=710223" "Mozilla/5.0 (X11; Linux x86_64) AppleWebKit/537.36 (KHTML, like Gecko) HeadlessChrome/69.0.3497.0 Safari/537.36" "fymvpd"
10.0.0.40 0x93990x65 admin [08/Feb/2019:00:00:08 +0000] "GET /rest/greenhopper/1.0/xboard/work/transitions.json?_=1549584008671 HTTP/1.1" 200 98 2 "http://jpt-78fee-loadbala-1tinio05oht69-319737628.eu-west-1.elb.amazonaws.com/secure/RapidBoard.jspa?rapidView=23" "Mozilla/5.0 (X11; Linux x86_64) AppleWebKit/537.36 (KHTML, like Gecko) HeadlessChrome/69.0.3497.0 Safari/537.36" "736ufr"
10.0.0.40 0x93988x63 admin [08/Feb/2019:00:00:08 +0000] "GET /rest/hipchat/integrations/1.0/configuration/status?_=1549584008672 HTTP/1.1" 200 141 2 "http://jpt-78fee-loadbala-1tinio05oht69-319737628.eu-west-1.elb.amazonaws.com/browse/AAMI-346" "Mozilla/5.0 (X11; Linux x86_64) AppleWebKit/537.36 (KHTML, like Gecko) HeadlessChrome/69.0.3497.0 Safari/537.36" "1sjnw6m"
10.0.0.40 0x93991x66 admin [08/Feb/2019:00:00:08 +0000] "GET /rest/troubleshooting/1.0/check/admin?_=1549584008674 HTTP/1.1" 200 57 1 "http://jpt-78fee-loadbala-1tinio05oht69-319737628.eu-west-1.elb.amazonaws.com/browse/AAMI-346" "Mozilla/5.0 (X11; Linux x86_64) AppleWebKit/537.36 (KHTML, like Gecko) HeadlessChrome/69.0.3497.0 Safari/537.36" "1sjnw6m"
10.0.0.40 0x93989x64 admin [08/Feb/2019:00:00:08 +0000] "GET /rest/hipchat/integrations/1.0/issuepanel/data/AAMI-346?_=1549584008671 HTTP/1.1" 200 183 3 "http://jpt-78fee-loadbala-1tinio05oht69-319737628.eu-west-1.elb.amazonaws.com/browse/AAMI-346" "Mozilla/5.0 (X11; Linux x86_64) AppleWebKit/537.36 (KHTML, like Gecko) HeadlessChrome/69.0.3497.0 Safari/537.36" "1sjnw6m"
10.0.0.40 0x93986x61 admin [08/Feb/2019:00:00:08 +0000] "POST /rest/webResources/1.0/resources HTTP/1.1" 200 545 21 "http://jpt-78fee-loadbala-1tinio05oht69-319737628.eu-west-1.elb.amazonaws.com/browse/AAMI-346" "Mozilla/5.0 (X11; Linux x86_64) AppleWebKit/537.36 (KHTML, like Gecko) HeadlessChrome/69.0.3497.0 Safari/537.36" "1sjnw6m"
10.0.0.40 0x93987x62 admin [08/Feb/2019:00:00:08 +0000] "POST /rest/webResources/1.0/resources HTTP/1.1" 200 717 15 "http://jpt-78fee-loadbala-1tinio05oht69-319737628.eu-west-1.elb.amazonaws.com/secure/RapidBoard.jspa?rapidView=23" "Mozilla/5.0 (X11; Linux x86_64) AppleWebKit/537.36 (KHTML, like Gecko) HeadlessChrome/69.0.3497.0 Safari/537.36" "736ufr"
10.0.0.40 0x93979x64 admin [08/Feb/2019:00:00:08 +0000] "POST /rest/webResources/1.0/resources HTTP/1.1" 200 86 65 "http://jpt-78fee-loadbala-1tinio05oht69-319737628.eu-west-1.elb.amazonaws.com/secure/AddComment!default.jspa?id=76917" "Mozilla/5.0 (X11; Linux x86_64) AppleWebKit/537.36 (KHTML, like Gecko) HeadlessChrome/69.0.3497.0 Safari/537.36" "170539h"
10.0.0.202 0x93992x60 admin [08/Feb/2019:00:00:08 +0000] "GET /rest/bamboo/latest/deploy/BYCA/BYCA-158?_=1549584008686 HTTP/1.1" 200 44 2 "http://jpt-78fee-loadbala-1tinio05oht69-319737628.eu-west-1.elb.amazonaws.com/browse/BYCA-158?focusedCommentId=5410799" "Mozilla/5.0 (X11; Linux x86_64) AppleWebKit/537.36 (KHTML, like Gecko) HeadlessChrome/69.0.3497.0 Safari/537.36" "fymvpd"
10.0.0.202 0x93997x64 admin [08/Feb/2019:00:00:08 +0000] "GET /rest/bamboo/latest/deploy/AELI/AELI-614?_=1549584008729 HTTP/1.1" 200 44 1 "http://jpt-78fee-loadbala-1tinio05oht69-319737628.eu-west-1.elb.amazonaws.com/browse/AELI-614" "Mozilla/5.0 (X11; Linux x86_64) AppleWebKit/537.36 (KHTML, like Gecko) HeadlessChrome/69.0.3497.0 Safari/537.36" "tnh905"
10.0.0.40 0x93996x63 admin [08/Feb/2019:00:00:08 +0000] "GET /rest/internal/2/user/mention/search?issueKey=AALM-218&projectKey=AALM&maxResults=10&_=1549584008728 HTTP/1.1" 200 1083 14 "http://jpt-78fee-loadbala-1tinio05oht69-319737628.eu-west-1.elb.amazonaws.com/secure/AddComment!default.jspa?id=76917" "Mozilla/5.0 (X11; Linux x86_64) AppleWebKit/537.36 (KHTML, like Gecko) HeadlessChrome/69.0.3497.0 Safari/537.36" "170539h"
10.0.0.202 0x93936x73 admin [08/Feb/2019:00:00:08 +0000] "GET /secure/BrowseProjects.jspa?selectedCategory=all&selectedProjectType=all&page=6 HTTP/1.1" 200 35062 779 "-" "Mozilla/5.0 (X11; Linux x86_64) AppleWebKit/537.36 (KHTML, like Gecko) HeadlessChrome/69.0.3497.0 Safari/537.36" "1c75b86"
10.0.0.40 0x93995x62 admin [08/Feb/2019:00:00:08 +0000] "POST /rest/webResources/1.0/resources HTTP/1.1" 200 515 22 "http://jpt-78fee-loadbala-1tinio05oht69-319737628.eu-west-1.elb.amazonaws.com/issues/?jql=resolved+is+not+empty+order+by+description" "Mozilla/5.0 (X11; Linux x86_64) AppleWebKit/537.36 (KHTML, like Gecko) HeadlessChrome/69.0.3497.0 Safari/537.36" "16hxhue"
10.0.0.202 1439x93257x59 admin [08/Feb/2019:00:00:08 +0000] "GET /secure/EditIssue!default.jspa?id=686272 HTTP/1.1" 200 106751 9699 "-" "Mozilla/5.0 (X11; Linux x86_64) AppleWebKit/537.36 (KHTML, like Gecko) HeadlessChrome/69.0.3497.0 Safari/537.36" "6my7yp"
10.0.0.40 0x93999x61 admin [08/Feb/2019:00:00:08 +0000] "GET /rest/api/2/filter/favourite?expand=subscriptions[-5:]&_=1549584008747 HTTP/1.1" 200 44 1 "http://jpt-78fee-loadbala-1tinio05oht69-319737628.eu-west-1.elb.amazonaws.com/issues/?jql=resolved+is+not+empty+order+by+description" "Mozilla/5.0 (X11; Linux x86_64) AppleWebKit/537.36 (KHTML, like Gecko) HeadlessChrome/69.0.3497.0 Safari/537.36" "16hxhue"
10.0.0.202 0x93809x68 admin [08/Feb/2019:00:00:08 +0000] "GET /browse/AELI-614 HTTP/1.1" 200 25305 2864 "-" "Mozilla/5.0 (X11; Linux x86_64) AppleWebKit/537.36 (KHTML, like Gecko) HeadlessChrome/69.0.3497.0 Safari/537.36" "tnh905"
10.0.0.202 0x94002x62 admin [08/Feb/2019:00:00:08 +0000] "GET /rest/api/2/issue/10005/subtask/move?_=1549584008828 HTTP/1.1" 200 46 3 "http://jpt-78fee-loadbala-1tinio05oht69-319737628.eu-west-1.elb.amazonaws.com/browse/SP-6" "Mozilla/5.0 (X11; Linux x86_64) AppleWebKit/537.36 (KHTML, like Gecko) HeadlessChrome/69.0.3497.0 Safari/537.36" "zr19ma"
10.0.0.40 0x94003x62 admin [08/Feb/2019:00:00:08 +0000] "POST /rest/issueNav/latest/preferredSearchLayout HTTP/1.1" 200 40 11 "http://jpt-78fee-loadbala-1tinio05oht69-319737628.eu-west-1.elb.amazonaws.com/issues/?jql=resolved%20is%20not%20empty%20order%20by%20description" "Mozilla/5.0 (X11; Linux x86_64) AppleWebKit/537.36 (KHTML, like Gecko) HeadlessChrome/69.0.3497.0 Safari/537.36" "16hxhue"
10.0.0.202 0x94007x65 admin [08/Feb/2019:00:00:08 +0000] "GET /rest/bamboo/latest/deploy/SP/SP-6?_=1549584008847 HTTP/1.1" 200 44 1 "http://jpt-78fee-loadbala-1tinio05oht69-319737628.eu-west-1.elb.amazonaws.com/browse/SP-6" "Mozilla/5.0 (X11; Linux x86_64) AppleWebKit/537.36 (KHTML, like Gecko) HeadlessChrome/69.0.3497.0 Safari/537.36" "zr19ma"
10.0.0.202 0x94006x64 admin [08/Feb/2019:00:00:08 +0000] "POST /rest/webResources/1.0/resources HTTP/1.1" 200 487 16 "http://jpt-78fee-loadbala-1tinio05oht69-319737628.eu-west-1.elb.amazonaws.com/secure/BrowseProjects.jspa?selectedCategory=all&selectedProjectType=all&page=6" "Mozilla/5.0 (X11; Linux x86_64) AppleWebKit/537.36 (KHTML, like Gecko) HeadlessChrome/69.0.3497.0 Safari/537.36" "1c75b86"
10.0.0.40 0x93886x65 admin [08/Feb/2019:00:00:08 +0000] "GET /browse/SP-6 HTTP/1.1" 200 21082 2146 "-" "Mozilla/5.0 (X11; Linux x86_64) AppleWebKit/537.36 (KHTML, like Gecko) HeadlessChrome/69.0.3497.0 Safari/537.36" "zr19ma"
10.0.0.40 0x93994x61 admin [08/Feb/2019:00:00:08 +0000] "POST /rest/webResources/1.0/resources HTTP/1.1" 200 408 145 "http://jpt-78fee-loadbala-1tinio05oht69-319737628.eu-west-1.elb.amazonaws.com/secure/AddComment!default.jspa?id=76917" "Mozilla/5.0 (X11; Linux x86_64) AppleWebKit/537.36 (KHTML, like Gecko) HeadlessChrome/69.0.3497.0 Safari/537.36" "170539h"
10.0.0.40 0x94001x61 admin [08/Feb/2019:00:00:08 +0000] "POST /rest/webResources/1.0/resources HTTP/1.1" 200 408 96 "http://jpt-78fee-loadbala-1tinio05oht69-319737628.eu-west-1.elb.amazonaws.com/browse/AAMI-346" "Mozilla/5.0 (X11; Linux x86_64) AppleWebKit/537.36 (KHTML, like Gecko) HeadlessChrome/69.0.3497.0 Safari/537.36" "1sjnw6m"
10.0.0.40 0x94008x61 admin [08/Feb/2019:00:00:08 +0000] "POST /rest/analytics/1.0/publish/bulk HTTP/1.1" 200 40 2 "http://jpt-78fee-loadbala-1tinio05oht69-319737628.eu-west-1.elb.amazonaws.com/secure/Dashboard.jspa" "Mozilla/5.0 (X11; Linux x86_64) AppleWebKit/537.36 (KHTML, like Gecko) HeadlessChrome/69.0.3497.0 Safari/537.36" "1jo0dlv"
10.0.0.40 1439x93334x62 admin [08/Feb/2019:00:00:08 +0000] "GET /rest/gadget/1.0/issueTable/jql?num=10&tableContext=jira.table.cols.dashboard&addDefault=true&enableSorting=true&paging=true&showActions=true&jql=assignee+%3D+currentUser()+AND+resolution+%3D+unresolved+ORDER+BY+priority+DESC%2C+created+ASC&sortBy=&startIndex=0&_=1549583999794 HTTP/1.1" 200 2548 9063 "http://jpt-78fee-loadbala-1tinio05oht69-319737628.eu-west-1.elb.amazonaws.com/secure/Dashboard.jspa" "Mozilla/5.0 (X11; Linux x86_64) AppleWebKit/537.36 (KHTML, like Gecko) HeadlessChrome/69.0.3497.0 Safari/537.36" "1c75b86"
10.0.0.202 0x94009x60 admin [08/Feb/2019:00:00:08 +0000] "POST /rest/webResources/1.0/resources HTTP/1.1" 200 545 11 "http://jpt-78fee-loadbala-1tinio05oht69-319737628.eu-west-1.elb.amazonaws.com/browse/BYCA-158?focusedCommentId=5410799" "Mozilla/5.0 (X11; Linux x86_64) AppleWebKit/537.36 (KHTML, like Gecko) HeadlessChrome/69.0.3497.0 Safari/537.36" "fymvpd"
10.0.0.202 0x94011x62 admin [08/Feb/2019:00:00:08 +0000] "GET /rest/hipchat/integrations/1.0/configuration/status?_=1549584008864 HTTP/1.1" 200 141 1 "http://jpt-78fee-loadbala-1tinio05oht69-319737628.eu-west-1.elb.amazonaws.com/browse/BYCA-158?focusedCommentId=5410799" "Mozilla/5.0 (X11; Linux x86_64) AppleWebKit/537.36 (KHTML, like Gecko) HeadlessChrome/69.0.3497.0 Safari/537.36" "fymvpd"
10.0.0.202 0x94010x61 admin [08/Feb/2019:00:00:08 +0000] "GET /rest/hipchat/integrations/1.0/issuepanel/data/BYCA-158?_=1549584008863 HTTP/1.1" 200 183 3 "http://jpt-78fee-loadbala-1tinio05oht69-319737628.eu-west-1.elb.amazonaws.com/browse/BYCA-158?focusedCommentId=5410799" "Mozilla/5.0 (X11; Linux x86_64) AppleWebKit/537.36 (KHTML, like Gecko) HeadlessChrome/69.0.3497.0 Safari/537.36" "fymvpd"
10.0.0.202 0x94012x61 admin [08/Feb/2019:00:00:08 +0000] "GET /rest/troubleshooting/1.0/check/admin?_=1549584008864 HTTP/1.1" 200 57 4 "http://jpt-78fee-loadbala-1tinio05oht69-319737628.eu-west-1.elb.amazonaws.com/browse/BYCA-158?focusedCommentId=5410799" "Mozilla/5.0 (X11; Linux x86_64) AppleWebKit/537.36 (KHTML, like Gecko) HeadlessChrome/69.0.3497.0 Safari/537.36" "fymvpd"
10.0.0.40 0x93927x76 admin [08/Feb/2019:00:00:08 +0000] "POST /rest/issueNav/1/issueTable/stable HTTP/1.1" 200 3383 1224 "http://jpt-78fee-loadbala-1tinio05oht69-319737628.eu-west-1.elb.amazonaws.com/issues/?jql=assignee%20%3D%20admin%20order%20by%20project" "Mozilla/5.0 (X11; Linux x86_64) AppleWebKit/537.36 (KHTML, like Gecko) HeadlessChrome/69.0.3497.0 Safari/537.36" "1tc5mn3"
10.0.0.202 0x94017x63 admin [08/Feb/2019:00:00:08 +0000] "GET /rest/hipchat/integrations/1.0/configuration/status?_=1549584008889 HTTP/1.1" 200 141 1 "http://jpt-78fee-loadbala-1tinio05oht69-319737628.eu-west-1.elb.amazonaws.com/issues/?jql=resolved%20is%20not%20empty%20order%20by%20description" "Mozilla/5.0 (X11; Linux x86_64) AppleWebKit/537.36 (KHTML, like Gecko) HeadlessChrome/69.0.3497.0 Safari/537.36" "16hxhue"
10.0.0.202 0x94020x65 admin [08/Feb/2019:00:00:08 +0000] "POST /rest/analytics/1.0/publish/bulk HTTP/1.1" 200 40 2 "http://jpt-78fee-loadbala-1tinio05oht69-319737628.eu-west-1.elb.amazonaws.com/browse/LMUA-112?jql=text%20~%20%22a*%22%20order%20by%20summary" "Mozilla/5.0 (X11; Linux x86_64) AppleWebKit/537.36 (KHTML, like Gecko) HeadlessChrome/69.0.3497.0 Safari/537.36" "btb543"
10.0.0.202 0x93448x66 admin [08/Feb/2019:00:00:08 +0000] "POST /secure/QuickCreateIssue!default.jspa?decorator=none HTTP/1.1" 200 146849 7682 "http://jpt-78fee-loadbala-1tinio05oht69-319737628.eu-west-1.elb.amazonaws.com/secure/Dashboard.jspa" "Mozilla/5.0 (X11; Linux x86_64) AppleWebKit/537.36 (KHTML, like Gecko) HeadlessChrome/69.0.3497.0 Safari/537.36" "1470ia3"
10.0.0.202 0x93467x65 admin [08/Feb/2019:00:00:08 +0000] "GET /secure/AjaxIssueEditAction!default.jspa?decorator=none&issueId=76780&_=1549584001494 HTTP/1.1" 200 136655 7420 "http://jpt-78fee-loadbala-1tinio05oht69-319737628.eu-west-1.elb.amazonaws.com/browse/AALM-81" "Mozilla/5.0 (X11; Linux x86_64) AppleWebKit/537.36 (KHTML, like Gecko) HeadlessChrome/69.0.3497.0 Safari/537.36" "fymvpd"
10.0.0.202 0x93430x75 admin [08/Feb/2019:00:00:08 +0000] "GET /secure/AjaxIssueEditAction!default.jspa?decorator=none&issueId=843377&_=1549584000847 HTTP/1.1" 200 136655 8081 "http://jpt-78fee-loadbala-1tinio05oht69-319737628.eu-west-1.elb.amazonaws.com/browse/LMUA-112?jql=text%20~%20%22a*%22%20order%20by%20summary" "Mozilla/5.0 (X11; Linux x86_64) AppleWebKit/537.36 (KHTML, like Gecko) HeadlessChrome/69.0.3497.0 Safari/537.36" "13zcgnv"
10.0.0.202 0x94027x68 admin [08/Feb/2019:00:00:08 +0000] "GET /rest/hipchat/integrations/1.0/configuration/status?_=1549584008939 HTTP/1.1" 200 141 1 "http://jpt-78fee-loadbala-1tinio05oht69-319737628.eu-west-1.elb.amazonaws.com/secure/BrowseProjects.jspa?selectedCategory=all&selectedProjectType=all&page=6" "Mozilla/5.0 (X11; Linux x86_64) AppleWebKit/537.36 (KHTML, like Gecko) HeadlessChrome/69.0.3497.0 Safari/537.36" "1c75b86"
10.0.0.202 0x94026x67 admin [08/Feb/2019:00:00:08 +0000] "GET /rest/hipchat/integrations/1.0/configuration/status?_=1549584008939 HTTP/1.1" 200 141 1 "http://jpt-78fee-loadbala-1tinio05oht69-319737628.eu-west-1.elb.amazonaws.com/browse/AELI-614" "Mozilla/5.0 (X11; Linux x86_64) AppleWebKit/537.36 (KHTML, like Gecko) HeadlessChrome/69.0.3497.0 Safari/537.36" "tnh905"
10.0.0.202 0x94028x67 admin [08/Feb/2019:00:00:08 +0000] "GET /rest/troubleshooting/1.0/check/admin?_=1549584008939 HTTP/1.1" 200 57 2 "http://jpt-78fee-loadbala-1tinio05oht69-319737628.eu-west-1.elb.amazonaws.com/browse/AELI-614" "Mozilla/5.0 (X11; Linux x86_64) AppleWebKit/537.36 (KHTML, like Gecko) HeadlessChrome/69.0.3497.0 Safari/537.36" "tnh905"
10.0.0.202 0x94029x68 admin [08/Feb/2019:00:00:08 +0000] "GET /rest/troubleshooting/1.0/check/admin?_=1549584008942 HTTP/1.1" 200 57 2 "http://jpt-78fee-loadbala-1tinio05oht69-319737628.eu-west-1.elb.amazonaws.com/secure/BrowseProjects.jspa?selectedCategory=all&selectedProjectType=all&page=6" "Mozilla/5.0 (X11; Linux x86_64) AppleWebKit/537.36 (KHTML, like Gecko) HeadlessChrome/69.0.3497.0 Safari/537.36" "1c75b86"
10.0.0.202 0x94031x68 admin [08/Feb/2019:00:00:08 +0000] "GET /rest/hipchat/integrations/1.0/issuepanel/data/AELI-614?_=1549584008938 HTTP/1.1" 200 184 2 "http://jpt-78fee-loadbala-1tinio05oht69-319737628.eu-west-1.elb.amazonaws.com/browse/AELI-614" "Mozilla/5.0 (X11; Linux x86_64) AppleWebKit/537.36 (KHTML, like Gecko) HeadlessChrome/69.0.3497.0 Safari/537.36" "tnh905"
10.0.0.202 0x94024x65 admin [08/Feb/2019:00:00:08 +0000] "POST /rest/webResources/1.0/resources HTTP/1.1" 200 408 28 "http://jpt-78fee-loadbala-1tinio05oht69-319737628.eu-west-1.elb.amazonaws.com/browse/BYCA-158?focusedCommentId=5410799" "Mozilla/5.0 (X11; Linux x86_64) AppleWebKit/537.36 (KHTML, like Gecko) HeadlessChrome/69.0.3497.0 Safari/537.36" "fymvpd"
10.0.0.202 0x94022x64 admin [08/Feb/2019:00:00:08 +0000] "POST /rest/webResources/1.0/resources HTTP/1.1" 200 545 40 "http://jpt-78fee-loadbala-1tinio05oht69-319737628.eu-west-1.elb.amazonaws.com/browse/AELI-614" "Mozilla/5.0 (X11; Linux x86_64) AppleWebKit/537.36 (KHTML, like Gecko) HeadlessChrome/69.0.3497.0 Safari/537.36" "tnh905"
10.0.0.40 0x93963x62 admin [08/Feb/2019:00:00:08 +0000] "GET /secure/AjaxIssueAction!default.jspa?issueKey=SP-684&decorator=none&prefetch=false&shouldUpdateCurrentProject=false&loadFields=false&_=1549584008478 HTTP/1.1" 200 10783 487 "http://jpt-78fee-loadbala-1tinio05oht69-319737628.eu-west-1.elb.amazonaws.com/browse/SP-684?jql=assignee%20%3D%20admin%20order%20by%20project" "Mozilla/5.0 (X11; Linux x86_64) AppleWebKit/537.36 (KHTML, like Gecko) HeadlessChrome/69.0.3497.0 Safari/537.36" "m78c82"
10.0.0.202 0x94025x66 admin [08/Feb/2019:00:00:08 +0000] "POST /rest/webResources/1.0/resources HTTP/1.1" 200 86 30 "http://jpt-78fee-loadbala-1tinio05oht69-319737628.eu-west-1.elb.amazonaws.com/secure/BrowseProjects.jspa?selectedCategory=all&selectedProjectType=all&page=6" "Mozilla/5.0 (X11; Linux x86_64) AppleWebKit/537.36 (KHTML, like Gecko) HeadlessChrome/69.0.3497.0 Safari/537.36" "1c75b86"
10.0.0.202 0x94004x63 admin [08/Feb/2019:00:00:08 +0000] "POST /rest/webResources/1.0/resources HTTP/1.1" 200 86 175 "http://jpt-78fee-loadbala-1tinio05oht69-319737628.eu-west-1.elb.amazonaws.com/secure/EditIssue!default.jspa?id=686272" "Mozilla/5.0 (X11; Linux x86_64) AppleWebKit/537.36 (KHTML, like Gecko) HeadlessChrome/69.0.3497.0 Safari/537.36" "6my7yp"
10.0.0.40 0x94037x68 admin [08/Feb/2019:00:00:08 +0000] "POST /rest/analytics/1.0/publish/bulk HTTP/1.1" 200 40 2 "http://jpt-78fee-loadbala-1tinio05oht69-319737628.eu-west-1.elb.amazonaws.com/secure/EditIssue!default.jspa?id=849894" "Mozilla/5.0 (X11; Linux x86_64) AppleWebKit/537.36 (KHTML, like Gecko) HeadlessChrome/69.0.3497.0 Safari/537.36" "da0fjo"
10.0.0.40 0x94040x70 admin [08/Feb/2019:00:00:09 +0000] "POST /rest/analytics/1.0/publish/bulk HTTP/1.1" 200 40 1 "http://jpt-78fee-loadbala-1tinio05oht69-319737628.eu-west-1.elb.amazonaws.com/secure/AddComment!default.jspa?id=76917" "Mozilla/5.0 (X11; Linux x86_64) AppleWebKit/537.36 (KHTML, like Gecko) HeadlessChrome/69.0.3497.0 Safari/537.36" "170539h"
10.0.0.202 0x93389x68 admin [08/Feb/2019:00:00:09 +0000] "GET /rest/gadget/1.0/issueTable/jql?num=10&tableContext=jira.table.cols.dashboard&addDefault=true&enableSorting=true&paging=true&showActions=true&jql=assignee+%3D+currentUser()+AND+resolution+%3D+unresolved+ORDER+BY+priority+DESC%2C+created+ASC&sortBy=&startIndex=0&_=1549584000272 HTTP/1.1" 200 2549 8815 "http://jpt-78fee-loadbala-1tinio05oht69-319737628.eu-west-1.elb.amazonaws.com/secure/Dashboard.jspa" "Mozilla/5.0 (X11; Linux x86_64) AppleWebKit/537.36 (KHTML, like Gecko) HeadlessChrome/69.0.3497.0 Safari/537.36" "1470ia3"
10.0.0.40 0x94042x70 admin [08/Feb/2019:00:00:09 +0000] "GET /rest/bamboo/latest/deploy/SP/SP-684?_=1549584009140 HTTP/1.1" 200 44 1 "http://jpt-78fee-loadbala-1tinio05oht69-319737628.eu-west-1.elb.amazonaws.com/browse/SP-684?jql=assignee%20%3D%20admin%20order%20by%20project" "Mozilla/5.0 (X11; Linux x86_64) AppleWebKit/537.36 (KHTML, like Gecko) HeadlessChrome/69.0.3497.0 Safari/537.36" "m78c82"
10.0.0.40 0x94043x70 admin [08/Feb/2019:00:00:09 +0000] "POST /rest/analytics/1.0/publish/bulk HTTP/1.1" 200 40 1 "http://jpt-78fee-loadbala-1tinio05oht69-319737628.eu-west-1.elb.amazonaws.com/secure/BrowseProjects.jspa?selectedCategory=all&selectedProjectType=all&page=6" "Mozilla/5.0 (X11; Linux x86_64) AppleWebKit/537.36 (KHTML, like Gecko) HeadlessChrome/69.0.3497.0 Safari/537.36" "77geov"
10.0.0.40 0x94044x70 admin [08/Feb/2019:00:00:09 +0000] "GET /rest/hipchat/integrations/1.0/issuepanel/data/SP-684?_=1549584009112 HTTP/1.1" 200 181 3 "http://jpt-78fee-loadbala-1tinio05oht69-319737628.eu-west-1.elb.amazonaws.com/browse/SP-684?jql=assignee%20%3D%20admin%20order%20by%20project" "Mozilla/5.0 (X11; Linux x86_64) AppleWebKit/537.36 (KHTML, like Gecko) HeadlessChrome/69.0.3497.0 Safari/537.36" "m78c82"
10.0.0.202 0x94045x71 admin [08/Feb/2019:00:00:09 +0000] "GET /rest/troubleshooting/1.0/check/admin?_=1549584009058 HTTP/1.1" 200 57 4 "http://jpt-78fee-loadbala-1tinio05oht69-319737628.eu-west-1.elb.amazonaws.com/browse/SP-6" "Mozilla/5.0 (X11; Linux x86_64) AppleWebKit/537.36 (KHTML, like Gecko) HeadlessChrome/69.0.3497.0 Safari/537.36" "zr19ma"
10.0.0.40 0x94050x74 admin [08/Feb/2019:00:00:09 +0000] "POST /rest/analytics/1.0/publish/bulk HTTP/1.1" 200 40 1 "http://jpt-78fee-loadbala-1tinio05oht69-319737628.eu-west-1.elb.amazonaws.com/secure/RapidBoard.jspa?rapidView=23" "Mozilla/5.0 (X11; Linux x86_64) AppleWebKit/537.36 (KHTML, like Gecko) HeadlessChrome/69.0.3497.0 Safari/537.36" "736ufr"
10.0.0.40 0x94052x75 admin [08/Feb/2019:00:00:09 +0000] "POST /rest/analytics/1.0/publish/bulk HTTP/1.1" 200 40 1 "http://jpt-78fee-loadbala-1tinio05oht69-319737628.eu-west-1.elb.amazonaws.com/browse/AAMI-346" "Mozilla/5.0 (X11; Linux x86_64) AppleWebKit/537.36 (KHTML, like Gecko) HeadlessChrome/69.0.3497.0 Safari/537.36" "1sjnw6m"
10.0.0.202 0x94049x73 admin [08/Feb/2019:00:00:09 +0000] "GET /rest/hipchat/integrations/1.0/configuration/status?_=1549584009057 HTTP/1.1" 200 141 7 "http://jpt-78fee-loadbala-1tinio05oht69-319737628.eu-west-1.elb.amazonaws.com/browse/SP-6" "Mozilla/5.0 (X11; Linux x86_64) AppleWebKit/537.36 (KHTML, like Gecko) HeadlessChrome/69.0.3497.0 Safari/537.36" "zr19ma"
10.0.0.40 0x94046x72 admin [08/Feb/2019:00:00:09 +0000] "GET /rest/hipchat/integrations/1.0/issuepanel/data/SP-6?_=1549584009054 HTTP/1.1" 200 178 14 "http://jpt-78fee-loadbala-1tinio05oht69-319737628.eu-west-1.elb.amazonaws.com/browse/SP-6" "Mozilla/5.0 (X11; Linux x86_64) AppleWebKit/537.36 (KHTML, like Gecko) HeadlessChrome/69.0.3497.0 Safari/537.36" "zr19ma"
10.0.0.202 0x94033x69 admin [08/Feb/2019:00:00:09 +0000] "PUT /rest/projects/1.0/project/AELI/lastVisited HTTP/1.1" 200 40 314 "http://jpt-78fee-loadbala-1tinio05oht69-319737628.eu-west-1.elb.amazonaws.com/browse/AELI-614" "Mozilla/5.0 (X11; Linux x86_64) AppleWebKit/537.36 (KHTML, like Gecko) HeadlessChrome/69.0.3497.0 Safari/537.36" "tnh905"
10.0.0.202 0x93498x59 admin [08/Feb/2019:00:00:09 +0000] "GET /issues/?jql=resolved+is+not+empty+order+by+description HTTP/1.1" 200 70962 7272 "-" "Mozilla/5.0 (X11; Linux x86_64) AppleWebKit/537.36 (KHTML, like Gecko) HeadlessChrome/69.0.3497.0 Safari/537.36" "y7t68e"
10.0.0.40 0x94030x67 admin [08/Feb/2019:00:00:09 +0000] "POST /rest/orderbycomponent/latest/orderByOptions/primary HTTP/1.1" 200 130 353 "http://jpt-78fee-loadbala-1tinio05oht69-319737628.eu-west-1.elb.amazonaws.com/issues/?jql=assignee%20%3D%20admin%20order%20by%20project" "Mozilla/5.0 (X11; Linux x86_64) AppleWebKit/537.36 (KHTML, like Gecko) HeadlessChrome/69.0.3497.0 Safari/537.36" "1tc5mn3"
10.0.0.202 0x94018x64 admin [08/Feb/2019:00:00:09 +0000] "GET /rest/troubleshooting/1.0/check/admin?_=1549584008889 HTTP/1.1" 200 57 416 "http://jpt-78fee-loadbala-1tinio05oht69-319737628.eu-west-1.elb.amazonaws.com/issues/?jql=resolved%20is%20not%20empty%20order%20by%20description" "Mozilla/5.0 (X11; Linux x86_64) AppleWebKit/537.36 (KHTML, like Gecko) HeadlessChrome/69.0.3497.0 Safari/537.36" "16hxhue"
10.0.0.40 0x93497x60 admin [08/Feb/2019:00:00:09 +0000] "GET /secure/AjaxIssueEditAction!default.jspa?decorator=none&issueId=470799&_=1549584001954 HTTP/1.1" 200 137991 7368 "http://jpt-78fee-loadbala-1tinio05oht69-319737628.eu-west-1.elb.amazonaws.com/browse/AOBA-494" "Mozilla/5.0 (X11; Linux x86_64) AppleWebKit/537.36 (KHTML, like Gecko) HeadlessChrome/69.0.3497.0 Safari/537.36" "ojj3go"
10.0.0.202 0x94055x71 admin [08/Feb/2019:00:00:09 +0000] "POST /rest/webResources/1.0/resources HTTP/1.1" 200 537 16 "http://jpt-78fee-loadbala-1tinio05oht69-319737628.eu-west-1.elb.amazonaws.com/browse/AAMI-346" "Mozilla/5.0 (X11; Linux x86_64) AppleWebKit/537.36 (KHTML, like Gecko) HeadlessChrome/69.0.3497.0 Safari/537.36" "r9iozf"
10.0.0.202 0x94021x63 admin [08/Feb/2019:00:00:09 +0000] "POST /rest/webResources/1.0/resources HTTP/1.1" 200 408 409 "http://jpt-78fee-loadbala-1tinio05oht69-319737628.eu-west-1.elb.amazonaws.com/issues/?jql=resolved%20is%20not%20empty%20order%20by%20description" "Mozilla/5.0 (X11; Linux x86_64) AppleWebKit/537.36 (KHTML, like Gecko) HeadlessChrome/69.0.3497.0 Safari/537.36" "16hxhue"
10.0.0.202 0x94034x67 admin [08/Feb/2019:00:00:09 +0000] "POST /rest/webResources/1.0/resources HTTP/1.1" 200 86 366 "http://jpt-78fee-loadbala-1tinio05oht69-319737628.eu-west-1.elb.amazonaws.com/issues/?jql=reporter+was+admin+order+by+description" "Mozilla/5.0 (X11; Linux x86_64) AppleWebKit/537.36 (KHTML, like Gecko) HeadlessChrome/69.0.3497.0 Safari/537.36" "1u3y7d3"
10.0.0.202 0x94056x69 admin [08/Feb/2019:00:00:09 +0000] "POST /rest/webResources/1.0/resources HTTP/1.1" 200 408 20 "http://jpt-78fee-loadbala-1tinio05oht69-319737628.eu-west-1.elb.amazonaws.com/secure/BrowseProjects.jspa?selectedCategory=all&selectedProjectType=all&page=6" "Mozilla/5.0 (X11; Linux x86_64) AppleWebKit/537.36 (KHTML, like Gecko) HeadlessChrome/69.0.3497.0 Safari/537.36" "1c75b86"
10.0.0.202 0x94059x71 admin [08/Feb/2019:00:00:09 +0000] "POST /rest/webResources/1.0/resources HTTP/1.1" 200 515 8 "http://jpt-78fee-loadbala-1tinio05oht69-319737628.eu-west-1.elb.amazonaws.com/issues/?jql=resolved+is+not+empty+order+by+description" "Mozilla/5.0 (X11; Linux x86_64) AppleWebKit/537.36 (KHTML, like Gecko) HeadlessChrome/69.0.3497.0 Safari/537.36" "y7t68e"
10.0.0.202 0x93951x67 admin [08/Feb/2019:00:00:09 +0000] "GET /secure/BrowseProjects.jspa?selectedCategory=all&selectedProjectType=all&page=7 HTTP/1.1" 200 35065 1016 "-" "Mozilla/5.0 (X11; Linux x86_64) AppleWebKit/537.36 (KHTML, like Gecko) HeadlessChrome/69.0.3497.0 Safari/537.36" "kjwhaj"
10.0.0.202 0x94058x70 admin [08/Feb/2019:00:00:09 +0000] "POST /rest/webResources/1.0/resources HTTP/1.1" 200 703 17 "http://jpt-78fee-loadbala-1tinio05oht69-319737628.eu-west-1.elb.amazonaws.com/issues/?jql=reporter+was+admin+order+by+description" "Mozilla/5.0 (X11; Linux x86_64) AppleWebKit/537.36 (KHTML, like Gecko) HeadlessChrome/69.0.3497.0 Safari/537.36" "1u3y7d3"
10.0.0.40 0x94036x67 admin [08/Feb/2019:00:00:09 +0000] "GET /rest/internal/2/user/mention/search?issueKey=SP-658&projectKey=SP&maxResults=10&_=1549584008994 HTTP/1.1" 200 1083 370 "http://jpt-78fee-loadbala-1tinio05oht69-319737628.eu-west-1.elb.amazonaws.com/secure/EditIssue!default.jspa?id=849894" "Mozilla/5.0 (X11; Linux x86_64) AppleWebKit/537.36 (KHTML, like Gecko) HeadlessChrome/69.0.3497.0 Safari/537.36" "da0fjo"
10.0.0.202 0x94060x67 admin [08/Feb/2019:00:00:09 +0000] "POST /rest/analytics/1.0/publish/bulk HTTP/1.1" 200 40 2 "http://jpt-78fee-loadbala-1tinio05oht69-319737628.eu-west-1.elb.amazonaws.com/browse/BYCA-158?focusedCommentId=5410799" "Mozilla/5.0 (X11; Linux x86_64) AppleWebKit/537.36 (KHTML, like Gecko) HeadlessChrome/69.0.3497.0 Safari/537.36" "fymvpd"
10.0.0.202 0x94062x68 admin [08/Feb/2019:00:00:09 +0000] "GET /rest/api/2/filter/favourite?expand=subscriptions[-5:]&_=1549584009381 HTTP/1.1" 200 44 1 "http://jpt-78fee-loadbala-1tinio05oht69-319737628.eu-west-1.elb.amazonaws.com/issues/?jql=resolved+is+not+empty+order+by+description" "Mozilla/5.0 (X11; Linux x86_64) AppleWebKit/537.36 (KHTML, like Gecko) HeadlessChrome/69.0.3497.0 Safari/537.36" "y7t68e"
10.0.0.202 0x94063x68 admin [08/Feb/2019:00:00:09 +0000] "POST /rest/analytics/1.0/publish/bulk HTTP/1.1" 200 40 2 "http://jpt-78fee-loadbala-1tinio05oht69-319737628.eu-west-1.elb.amazonaws.com/issues/?jql=resolved%20is%20not%20empty%20order%20by%20description" "Mozilla/5.0 (X11; Linux x86_64) AppleWebKit/537.36 (KHTML, like Gecko) HeadlessChrome/69.0.3497.0 Safari/537.36" "16hxhue"
10.0.0.202 0x94038x68 admin [08/Feb/2019:00:00:09 +0000] "POST /rest/webResources/1.0/resources HTTP/1.1" 200 408 384 "http://jpt-78fee-loadbala-1tinio05oht69-319737628.eu-west-1.elb.amazonaws.com/browse/AELI-614" "Mozilla/5.0 (X11; Linux x86_64) AppleWebKit/537.36 (KHTML, like Gecko) HeadlessChrome/69.0.3497.0 Safari/537.36" "tnh905"
10.0.0.202 0x93589x71 admin [08/Feb/2019:00:00:09 +0000] "GET /secure/AjaxIssueEditAction!default.jspa?decorator=none&issueId=769332&_=1549584002670 HTTP/1.1" 200 137009 6737 "http://jpt-78fee-loadbala-1tinio05oht69-319737628.eu-west-1.elb.amazonaws.com/browse/FERX-659" "Mozilla/5.0 (X11; Linux x86_64) AppleWebKit/537.36 (KHTML, like Gecko) HeadlessChrome/69.0.3497.0 Safari/537.36" "1yl1976"
10.0.0.40 0x94016x62 admin [08/Feb/2019:00:00:09 +0000] "POST /rest/webResources/1.0/resources HTTP/1.1" 200 408 522 "http://jpt-78fee-loadbala-1tinio05oht69-319737628.eu-west-1.elb.amazonaws.com/secure/BrowseProjects.jspa?selectedCategory=all&selectedProjectType=all&page=6" "Mozilla/5.0 (X11; Linux x86_64) AppleWebKit/537.36 (KHTML, like Gecko) HeadlessChrome/69.0.3497.0 Safari/537.36" "77geov"
10.0.0.202 0x94051x74 admin [08/Feb/2019:00:00:09 +0000] "POST /rest/quickedit/1.0/userpreferences/create HTTP/1.1" 200 40 243 "http://jpt-78fee-loadbala-1tinio05oht69-319737628.eu-west-1.elb.amazonaws.com/secure/Dashboard.jspa" "Mozilla/5.0 (X11; Linux x86_64) AppleWebKit/537.36 (KHTML, like Gecko) HeadlessChrome/69.0.3497.0 Safari/537.36" "1470ia3"
10.0.0.202 0x94047x72 admin [08/Feb/2019:00:00:09 +0000] "POST /rest/webResources/1.0/resources HTTP/1.1" 200 545 249 "http://jpt-78fee-loadbala-1tinio05oht69-319737628.eu-west-1.elb.amazonaws.com/browse/SP-6" "Mozilla/5.0 (X11; Linux x86_64) AppleWebKit/537.36 (KHTML, like Gecko) HeadlessChrome/69.0.3497.0 Safari/537.36" "zr19ma"
10.0.0.202 0x94065x64 admin [08/Feb/2019:00:00:09 +0000] "POST /rest/analytics/1.0/publish/bulk HTTP/1.1" 200 40 12 "http://jpt-78fee-loadbala-1tinio05oht69-319737628.eu-west-1.elb.amazonaws.com/browse/AELI-614" "Mozilla/5.0 (X11; Linux x86_64) AppleWebKit/537.36 (KHTML, like Gecko) HeadlessChrome/69.0.3497.0 Safari/537.36" "tnh905"
10.0.0.202 0x94066x64 admin [08/Feb/2019:00:00:09 +0000] "POST /rest/analytics/1.0/publish/bulk HTTP/1.1" 200 40 27 "http://jpt-78fee-loadbala-1tinio05oht69-319737628.eu-west-1.elb.amazonaws.com/secure/BrowseProjects.jspa?selectedCategory=all&selectedProjectType=all&page=6" "Mozilla/5.0 (X11; Linux x86_64) AppleWebKit/537.36 (KHTML, like Gecko) HeadlessChrome/69.0.3497.0 Safari/537.36" "1c75b86"
10.0.0.40 0x93417x70 admin [08/Feb/2019:00:00:09 +0000] "GET /issues/?jql=resolved+is+not+empty+order+by+description HTTP/1.1" 200 70963 8724 "-" "Mozilla/5.0 (X11; Linux x86_64) AppleWebKit/537.36 (KHTML, like Gecko) HeadlessChrome/69.0.3497.0 Safari/537.36" "l9t1oh"
10.0.0.202 0x94054x73 admin [08/Feb/2019:00:00:09 +0000] "POST /rest/webResources/1.0/resources HTTP/1.1" 200 487 166 "http://jpt-78fee-loadbala-1tinio05oht69-319737628.eu-west-1.elb.amazonaws.com/secure/EditIssue!default.jspa?id=686272" "Mozilla/5.0 (X11; Linux x86_64) AppleWebKit/537.36 (KHTML, like Gecko) HeadlessChrome/69.0.3497.0 Safari/537.36" "6my7yp"
10.0.0.202 0x93630x81 admin [08/Feb/2019:00:00:09 +0000] "POST /secure/QuickCreateIssue!default.jspa?decorator=none HTTP/1.1" 200 146810 6413 "http://jpt-78fee-loadbala-1tinio05oht69-319737628.eu-west-1.elb.amazonaws.com/secure/Dashboard.jspa" "Mozilla/5.0 (X11; Linux x86_64) AppleWebKit/537.36 (KHTML, like Gecko) HeadlessChrome/69.0.3497.0 Safari/537.36" "h9z55i"
10.0.0.40 0x94032x69 admin [08/Feb/2019:00:00:09 +0000] "POST /secure/AddComment.jspa?atl_token=B1XL-TBI1-3QST-4RIV_2aee7a06ee01868d55cd1c24bed90fab0a6b7a21_lin HTTP/1.1" 302 - 563 "http://jpt-78fee-loadbala-1tinio05oht69-319737628.eu-west-1.elb.amazonaws.com/secure/AddComment!default.jspa?id=76917" "Mozilla/5.0 (X11; Linux x86_64) AppleWebKit/537.36 (KHTML, like Gecko) HeadlessChrome/69.0.3497.0 Safari/537.36" "170539h"
10.0.0.202 0x94068x62 admin [08/Feb/2019:00:00:09 +0000] "POST /rest/webResources/1.0/resources HTTP/1.1" 200 487 11 "http://jpt-78fee-loadbala-1tinio05oht69-319737628.eu-west-1.elb.amazonaws.com/secure/BrowseProjects.jspa?selectedCategory=all&selectedProjectType=all&page=7" "Mozilla/5.0 (X11; Linux x86_64) AppleWebKit/537.36 (KHTML, like Gecko) HeadlessChrome/69.0.3497.0 Safari/537.36" "kjwhaj"
10.0.0.202 0x94069x61 admin [08/Feb/2019:00:00:09 +0000] "GET /rest/hipchat/integrations/1.0/configuration/status?_=1549584009521 HTTP/1.1" 200 141 9 "http://jpt-78fee-loadbala-1tinio05oht69-319737628.eu-west-1.elb.amazonaws.com/issues/?jql=resolved%20is%20not%20empty%20order%20by%20description" "Mozilla/5.0 (X11; Linux x86_64) AppleWebKit/537.36 (KHTML, like Gecko) HeadlessChrome/69.0.3497.0 Safari/537.36" "y7t68e"
10.0.0.40 0x93457x67 admin [08/Feb/2019:00:00:09 +0000] "GET /secure/AjaxIssueEditAction!default.jspa?decorator=none&issueId=843377&_=1549584001340 HTTP/1.1" 200 136665 8195 "http://jpt-78fee-loadbala-1tinio05oht69-319737628.eu-west-1.elb.amazonaws.com/browse/LMUA-112?jql=text%20~%20%22a*%22%20order%20by%20summary" "Mozilla/5.0 (X11; Linux x86_64) AppleWebKit/537.36 (KHTML, like Gecko) HeadlessChrome/69.0.3497.0 Safari/537.36" "1u3y7d3"
10.0.0.40 0x94053x73 admin [08/Feb/2019:00:00:09 +0000] "POST /rest/webResources/1.0/resources HTTP/1.1" 200 537 337 "http://jpt-78fee-loadbala-1tinio05oht69-319737628.eu-west-1.elb.amazonaws.com/browse/SP-676" "Mozilla/5.0 (X11; Linux x86_64) AppleWebKit/537.36 (KHTML, like Gecko) HeadlessChrome/69.0.3497.0 Safari/537.36" "1n5wm3c"
10.0.0.202 0x94072x61 admin [08/Feb/2019:00:00:09 +0000] "POST /rest/analytics/1.0/publish/bulk HTTP/1.1" 200 40 1 "http://jpt-78fee-loadbala-1tinio05oht69-319737628.eu-west-1.elb.amazonaws.com/secure/Dashboard.jspa" "Mozilla/5.0 (X11; Linux x86_64) AppleWebKit/537.36 (KHTML, like Gecko) HeadlessChrome/69.0.3497.0 Safari/537.36" "1402020"
10.0.0.202 0x94064x63 admin [08/Feb/2019:00:00:09 +0000] "POST /rest/webResources/1.0/resources HTTP/1.1" 200 408 161 "http://jpt-78fee-loadbala-1tinio05oht69-319737628.eu-west-1.elb.amazonaws.com/browse/SP-6" "Mozilla/5.0 (X11; Linux x86_64) AppleWebKit/537.36 (KHTML, like Gecko) HeadlessChrome/69.0.3497.0 Safari/537.36" "zr19ma"
10.0.0.202 0x93822x72 admin [08/Feb/2019:00:00:09 +0000] "GET /rest/gadget/1.0/issueTable/jql?num=10&tableContext=jira.table.cols.dashboard&addDefault=true&enableSorting=true&paging=true&showActions=true&jql=assignee+%3D+currentUser()+AND+resolution+%3D+unresolved+ORDER+BY+priority+DESC%2C+created+ASC&sortBy=&startIndex=0&_=1549584005947 HTTP/1.1" 200 2548 3659 "http://jpt-78fee-loadbala-1tinio05oht69-319737628.eu-west-1.elb.amazonaws.com/secure/Dashboard.jspa" "Mozilla/5.0 (X11; Linux x86_64) AppleWebKit/537.36 (KHTML, like Gecko) HeadlessChrome/69.0.3497.0 Safari/537.36" "1cc3pkd"
10.0.0.40 0x94035x67 admin [08/Feb/2019:00:00:09 +0000] "GET /secure/AjaxIssueEditAction!default.jspa?decorator=none&issueId=849920&_=1549584008976 HTTP/1.1" 200 4750 638 "http://jpt-78fee-loadbala-1tinio05oht69-319737628.eu-west-1.elb.amazonaws.com/browse/SP-684?jql=assignee%20%3D%20admin%20order%20by%20project" "Mozilla/5.0 (X11; Linux x86_64) AppleWebKit/537.36 (KHTML, like Gecko) HeadlessChrome/69.0.3497.0 Safari/537.36" "m78c82"
10.0.0.202 0x94074x59 admin [08/Feb/2019:00:00:09 +0000] "GET /rest/hipchat/integrations/1.0/configuration/status?_=1549584009634 HTTP/1.1" 200 141 2 "http://jpt-78fee-loadbala-1tinio05oht69-319737628.eu-west-1.elb.amazonaws.com/secure/BrowseProjects.jspa?selectedCategory=all&selectedProjectType=all&page=7" "Mozilla/5.0 (X11; Linux x86_64) AppleWebKit/537.36 (KHTML, like Gecko) HeadlessChrome/69.0.3497.0 Safari/537.36" "kjwhaj"
10.0.0.202 0x94075x59 admin [08/Feb/2019:00:00:09 +0000] "GET /rest/troubleshooting/1.0/check/admin?_=1549584009637 HTTP/1.1" 200 57 3 "http://jpt-78fee-loadbala-1tinio05oht69-319737628.eu-west-1.elb.amazonaws.com/secure/BrowseProjects.jspa?selectedCategory=all&selectedProjectType=all&page=7" "Mozilla/5.0 (X11; Linux x86_64) AppleWebKit/537.36 (KHTML, like Gecko) HeadlessChrome/69.0.3497.0 Safari/537.36" "kjwhaj"
